Archive member included to satisfy reference by file (symbol)

C:/ST/STM32CubeIDE_1.19.0/STM32CubeIDE/plugins/com.st.stm32cube.ide.mcu.externaltools.gnu-tools-for-stm32.13.3.rel1.win32_1.0.0.202411081344/tools/bin/../lib/gcc/arm-none-eabi/13.3.1/../../../../arm-none-eabi/lib/thumb/v7e-m+dp/hard\libc_nano.a(libc_a-exit.o)
                              C:/ST/STM32CubeIDE_1.19.0/STM32CubeIDE/plugins/com.st.stm32cube.ide.mcu.externaltools.gnu-tools-for-stm32.13.3.rel1.win32_1.0.0.202411081344/tools/bin/../lib/gcc/arm-none-eabi/13.3.1/../../../../arm-none-eabi/lib/thumb/v7e-m+dp/hard/crt0.o (exit)
C:/ST/STM32CubeIDE_1.19.0/STM32CubeIDE/plugins/com.st.stm32cube.ide.mcu.externaltools.gnu-tools-for-stm32.13.3.rel1.win32_1.0.0.202411081344/tools/bin/../lib/gcc/arm-none-eabi/13.3.1/../../../../arm-none-eabi/lib/thumb/v7e-m+dp/hard\libc_nano.a(libc_a-findfp.o)
                              ./Middlewares/Third_Party/FreeRTOS/Source/tasks.o (__sf)
C:/ST/STM32CubeIDE_1.19.0/STM32CubeIDE/plugins/com.st.stm32cube.ide.mcu.externaltools.gnu-tools-for-stm32.13.3.rel1.win32_1.0.0.202411081344/tools/bin/../lib/gcc/arm-none-eabi/13.3.1/../../../../arm-none-eabi/lib/thumb/v7e-m+dp/hard\libc_nano.a(libc_a-fwalk.o)
                              C:/ST/STM32CubeIDE_1.19.0/STM32CubeIDE/plugins/com.st.stm32cube.ide.mcu.externaltools.gnu-tools-for-stm32.13.3.rel1.win32_1.0.0.202411081344/tools/bin/../lib/gcc/arm-none-eabi/13.3.1/../../../../arm-none-eabi/lib/thumb/v7e-m+dp/hard\libc_nano.a(libc_a-findfp.o) (_fwalk_sglue)
C:/ST/STM32CubeIDE_1.19.0/STM32CubeIDE/plugins/com.st.stm32cube.ide.mcu.externaltools.gnu-tools-for-stm32.13.3.rel1.win32_1.0.0.202411081344/tools/bin/../lib/gcc/arm-none-eabi/13.3.1/../../../../arm-none-eabi/lib/thumb/v7e-m+dp/hard\libc_nano.a(libc_a-stdio.o)
                              C:/ST/STM32CubeIDE_1.19.0/STM32CubeIDE/plugins/com.st.stm32cube.ide.mcu.externaltools.gnu-tools-for-stm32.13.3.rel1.win32_1.0.0.202411081344/tools/bin/../lib/gcc/arm-none-eabi/13.3.1/../../../../arm-none-eabi/lib/thumb/v7e-m+dp/hard\libc_nano.a(libc_a-findfp.o) (__sread)
C:/ST/STM32CubeIDE_1.19.0/STM32CubeIDE/plugins/com.st.stm32cube.ide.mcu.externaltools.gnu-tools-for-stm32.13.3.rel1.win32_1.0.0.202411081344/tools/bin/../lib/gcc/arm-none-eabi/13.3.1/../../../../arm-none-eabi/lib/thumb/v7e-m+dp/hard\libc_nano.a(libc_a-memset.o)
                              C:/ST/STM32CubeIDE_1.19.0/STM32CubeIDE/plugins/com.st.stm32cube.ide.mcu.externaltools.gnu-tools-for-stm32.13.3.rel1.win32_1.0.0.202411081344/tools/bin/../lib/gcc/arm-none-eabi/13.3.1/../../../../arm-none-eabi/lib/thumb/v7e-m+dp/hard/crt0.o (memset)
C:/ST/STM32CubeIDE_1.19.0/STM32CubeIDE/plugins/com.st.stm32cube.ide.mcu.externaltools.gnu-tools-for-stm32.13.3.rel1.win32_1.0.0.202411081344/tools/bin/../lib/gcc/arm-none-eabi/13.3.1/../../../../arm-none-eabi/lib/thumb/v7e-m+dp/hard\libc_nano.a(libc_a-closer.o)
                              C:/ST/STM32CubeIDE_1.19.0/STM32CubeIDE/plugins/com.st.stm32cube.ide.mcu.externaltools.gnu-tools-for-stm32.13.3.rel1.win32_1.0.0.202411081344/tools/bin/../lib/gcc/arm-none-eabi/13.3.1/../../../../arm-none-eabi/lib/thumb/v7e-m+dp/hard\libc_nano.a(libc_a-stdio.o) (_close_r)
C:/ST/STM32CubeIDE_1.19.0/STM32CubeIDE/plugins/com.st.stm32cube.ide.mcu.externaltools.gnu-tools-for-stm32.13.3.rel1.win32_1.0.0.202411081344/tools/bin/../lib/gcc/arm-none-eabi/13.3.1/../../../../arm-none-eabi/lib/thumb/v7e-m+dp/hard\libc_nano.a(libc_a-reent.o)
                              ./Middlewares/Third_Party/FreeRTOS/Source/tasks.o (_reclaim_reent)
C:/ST/STM32CubeIDE_1.19.0/STM32CubeIDE/plugins/com.st.stm32cube.ide.mcu.externaltools.gnu-tools-for-stm32.13.3.rel1.win32_1.0.0.202411081344/tools/bin/../lib/gcc/arm-none-eabi/13.3.1/../../../../arm-none-eabi/lib/thumb/v7e-m+dp/hard\libc_nano.a(libc_a-impure.o)
                              ./Middlewares/Third_Party/FreeRTOS/Source/tasks.o (_impure_ptr)
C:/ST/STM32CubeIDE_1.19.0/STM32CubeIDE/plugins/com.st.stm32cube.ide.mcu.externaltools.gnu-tools-for-stm32.13.3.rel1.win32_1.0.0.202411081344/tools/bin/../lib/gcc/arm-none-eabi/13.3.1/../../../../arm-none-eabi/lib/thumb/v7e-m+dp/hard\libc_nano.a(libc_a-lseekr.o)
                              C:/ST/STM32CubeIDE_1.19.0/STM32CubeIDE/plugins/com.st.stm32cube.ide.mcu.externaltools.gnu-tools-for-stm32.13.3.rel1.win32_1.0.0.202411081344/tools/bin/../lib/gcc/arm-none-eabi/13.3.1/../../../../arm-none-eabi/lib/thumb/v7e-m+dp/hard\libc_nano.a(libc_a-stdio.o) (_lseek_r)
C:/ST/STM32CubeIDE_1.19.0/STM32CubeIDE/plugins/com.st.stm32cube.ide.mcu.externaltools.gnu-tools-for-stm32.13.3.rel1.win32_1.0.0.202411081344/tools/bin/../lib/gcc/arm-none-eabi/13.3.1/../../../../arm-none-eabi/lib/thumb/v7e-m+dp/hard\libc_nano.a(libc_a-readr.o)
[...]
Memory Configuration

Name             Origin             Length             Attributes
FLASH            0x08000000         0x00200000         xr
DTCMRAM          0x20000000         0x00020000         xrw
RAM_D1           0x24000000         0x00080000         xrw
RAM_D2           0x30000000         0x00048000         xrw
RAM_D3           0x38000000         0x00010000         xrw
ITCMRAM          0x00000000         0x00010000         xrw
*default*        0x00000000         0xffffffff

Linker script and memory map

LOAD C:/ST/STM32CubeIDE_1.19.0/STM32CubeIDE/plugins/com.st.stm32cube.ide.mcu.externaltools.gnu-tools-for-stm32.13.3.rel1.win32_1.0.0.202411081344/tools/bin/../lib/gcc/arm-none-eabi/13.3.1/thumb/v7e-m+dp/hard/crti.o
LOAD C:/ST/STM32CubeIDE_1.19.0/STM32CubeIDE/plugins/com.st.stm32cube.ide.mcu.externaltools.gnu-tools-for-stm32.13.3.rel1.win32_1.0.0.202411081344/tools/bin/../lib/gcc/arm-none-eabi/13.3.1/thumb/v7e-m+dp/hard/crtbegin.o
LOAD C:/ST/STM32CubeIDE_1.19.0/STM32CubeIDE/plugins/com.st.stm32cube.ide.mcu.externaltools.gnu-tools-for-stm32.13.3.rel1.win32_1.0.0.202411081344/tools/bin/../lib/gcc/arm-none-eabi/13.3.1/../../../../arm-none-eabi/lib/thumb/v7e-m+dp/hard/crt0.o
LOAD ./Core/Src/freertos.o
LOAD ./Core/Src/main.o
LOAD ./Core/Src/stm32h7xx_hal_msp.o
LOAD ./Core/Src/stm32h7xx_hal_timebase_tim.o
LOAD ./Core/Src/stm32h7xx_it.o
LOAD ./Core/Src/syscalls.o
LOAD ./Core/Src/sysmem.o
LOAD ./Core/Src/system_stm32h7xx.o
LOAD ./Core/Startup/startup_stm32h753xihx.o
LOAD ./Core/application/acu_lv_app_state_manager.o
LOAD ./Core/application/tasks/fast_task.o
LOAD ./Core/application/tasks/medium_task.o
LOAD ./Core/application/tasks/slow_task.o
LOAD ./Core/application/tasks/task_manager.o
LOAD ./Core/config/acu_lv_config.o
LOAD ./Core/driver/acu_lv_drv_air.o
LOAD ./Core/driver/acu_lv_drv_analog.o
LOAD ./Core/driver/acu_lv_drv_debug_led.o
LOAD ./Core/driver/acu_lv_drv_dfsdm.o
LOAD ./Core/driver/acu_lv_drv_imd.o
LOAD ./Core/service/acu_lv_svc_accu.o
LOAD ./Core/service/acu_lv_svc_air.o
LOAD ./Core/service/acu_lv_svc_shunt.o
LOAD ./Core/service/acu_lv_svc_ts.o
LOAD ./Drivers/STM32H7xx_HAL_Driver/Src/stm32h7xx_hal.o
LOAD ./Drivers/STM32H7xx_HAL_Driver/Src/stm32h7xx_hal_adc.o
LOAD ./Drivers/STM32H7xx_HAL_Driver/Src/stm32h7xx_hal_adc_ex.o
LOAD ./Drivers/STM32H7xx_HAL_Driver/Src/stm32h7xx_hal_cortex.o
LOAD ./Drivers/STM32H7xx_HAL_Driver/Src/stm32h7xx_hal_dfsdm.o
LOAD ./Drivers/STM32H7xx_HAL_Driver/Src/stm32h7xx_hal_dma.o
LOAD ./Drivers/STM32H7xx_HAL_Driver/Src/stm32h7xx_hal_dma_ex.o
LOAD ./Drivers/STM32H7xx_HAL_Driver/Src/stm32h7xx_hal_exti.o
LOAD ./Drivers/STM32H7xx_HAL_Driver/Src/stm32h7xx_hal_fdcan.o
LOAD ./Drivers/STM32H7xx_HAL_Driver/Src/stm32h7xx_hal_flash.o
LOAD ./Drivers/STM32H7xx_HAL_Driver/Src/stm32h7xx_hal_flash_ex.o
LOAD ./Drivers/STM32H7xx_HAL_Driver/Src/stm32h7xx_hal_gpio.o
LOAD ./Drivers/STM32H7xx_HAL_Driver/Src/stm32h7xx_hal_hsem.o
LOAD ./Drivers/STM32H7xx_HAL_Driver/Src/stm32h7xx_hal_i2c.o
LOAD ./Drivers/STM32H7xx_HAL_Driver/Src/stm32h7xx_hal_i2c_ex.o
LOAD ./Drivers/STM32H7xx_HAL_Driver/Src/stm32h7xx_hal_mdma.o
LOAD ./Drivers/STM32H7xx_HAL_Driver/Src/stm32h7xx_hal_pwr.o
LOAD ./Drivers/STM32H7xx_HAL_Driver/Src/stm32h7xx_hal_pwr_ex.o
LOAD ./Drivers/STM32H7xx_HAL_Driver/Src/stm32h7xx_hal_rcc.o
LOAD ./Drivers/STM32H7xx_HAL_Driver/Src/stm32h7xx_hal_rcc_ex.o
LOAD ./Drivers/STM32H7xx_HAL_Driver/Src/stm32h7xx_hal_spi.o
LOAD ./Drivers/STM32H7xx_HAL_Driver/Src/stm32h7xx_hal_spi_ex.o
LOAD ./Drivers/STM32H7xx_HAL_Driver/Src/stm32h7xx_hal_tim.o
LOAD ./Drivers/STM32H7xx_HAL_Driver/Src/stm32h7xx_hal_tim_ex.o
LOAD ./Drivers/STM32H7xx_HAL_Driver/Src/stm32h7xx_hal_uart.o
LOAD ./Drivers/STM32H7xx_HAL_Driver/Src/stm32h7xx_hal_uart_ex.o
LOAD ./Middlewares/Third_Party/FreeRTOS/Source/CMSIS_RTOS_V2/cmsis_os2.o
LOAD ./Middlewares/Third_Party/FreeRTOS/Source/croutine.o
LOAD ./Middlewares/Third_Party/FreeRTOS/Source/event_groups.o
LOAD ./Middlewares/Third_Party/FreeRTOS/Source/list.o
LOAD ./Middlewares/Third_Party/FreeRTOS/Source/queue.o
LOAD ./Middlewares/Third_Party/FreeRTOS/Source/stream_buffer.o
LOAD ./Middlewares/Third_Party/FreeRTOS/Source/tasks.o
LOAD ./Middlewares/Third_Party/FreeRTOS/Source/timers.o
LOAD ./Middlewares/Third_Party/FreeRTOS/Source/portable/GCC/ARM_CM4F/port.o
LOAD ./Middlewares/Third_Party/FreeRTOS/Source/portable/MemMang/heap_4.o
START GROUP
LOAD C:/ST/STM32CubeIDE_1.19.0/STM32CubeIDE/plugins/com.st.stm32cube.ide.mcu.externaltools.gnu-tools-for-stm32.13.3.rel1.win32_1.0.0.202411081344/tools/bin/../lib/gcc/arm-none-eabi/13.3.1/../../../../arm-none-eabi/lib/thumb/v7e-m+dp/hard\libc_nano.a
LOAD C:/ST/STM32CubeIDE_1.19.0/STM32CubeIDE/plugins/com.st.stm32cube.ide.mcu.externaltools.gnu-tools-for-stm32.13.3.rel1.win32_1.0.0.202411081344/tools/bin/../lib/gcc/arm-none-eabi/13.3.1/../../../../arm-none-eabi/lib/thumb/v7e-m+dp/hard\libm.a
END GROUP
START GROUP
LOAD C:/ST/STM32CubeIDE_1.19.0/STM32CubeIDE/plugins/com.st.stm32cube.ide.mcu.externaltools.gnu-tools-for-stm32.13.3.rel1.win32_1.0.0.202411081344/tools/bin/../lib/gcc/arm-none-eabi/13.3.1/thumb/v7e-m+dp/hard\libgcc.a
LOAD C:/ST/STM32CubeIDE_1.19.0/STM32CubeIDE/plugins/com.st.stm32cube.ide.mcu.externaltools.gnu-tools-for-stm32.13.3.rel1.win32_1.0.0.202411081344/tools/bin/../lib/gcc/arm-none-eabi/13.3.1/../../../../arm-none-eabi/lib/thumb/v7e-m+dp/hard\libc_nano.a
END GROUP
START GROUP
LOAD C:/ST/STM32CubeIDE_1.19.0/STM32CubeIDE/plugins/com.st.stm32cube.ide.mcu.externaltools.gnu-tools-for-stm32.13.3.rel1.win32_1.0.0.202411081344/tools/bin/../lib/gcc/arm-none-eabi/13.3.1/thumb/v7e-m+dp/hard\libgcc.a
LOAD C:/ST/STM32CubeIDE_1.19.0/STM32CubeIDE/plugins/com.st.stm32cube.ide.mcu.externaltools.gnu-tools-for-stm32.13.3.rel1.win32_1.0.0.202411081344/tools/bin/../lib/gcc/arm-none-eabi/13.3.1/../../../../arm-none-eabi/lib/thumb/v7e-m+dp/hard\libc_nano.a
LOAD C:/ST/STM32CubeIDE_1.19.0/STM32CubeIDE/plugins/com.st.stm32cube.ide.mcu.externaltools.gnu-tools-for-stm32.13.3.rel1.win32_1.0.0.202411081344/tools/bin/../lib/gcc/arm-none-eabi/13.3.1/../../../../arm-none-eabi/lib/thumb/v7e-m+dp/hard\libnosys.a
END GROUP
START GROUP
LOAD C:/ST/STM32CubeIDE_1.19.0/STM32CubeIDE/plugins/com.st.stm32cube.ide.mcu.externaltools.gnu-tools-for-stm32.13.3.rel1.win32_1.0.0.202411081344/tools/bin/../lib/gcc/arm-none-eabi/13.3.1/thumb/v7e-m+dp/hard\libgcc.a
LOAD C:/ST/STM32CubeIDE_1.19.0/STM32CubeIDE/plugins/com.st.stm32cube.ide.mcu.externaltools.gnu-tools-for-stm32.13.3.rel1.win32_1.0.0.202411081344/tools/bin/../lib/gcc/arm-none-eabi/13.3.1/../../../../arm-none-eabi/lib/thumb/v7e-m+dp/hard\libc_nano.a
LOAD C:/ST/STM32CubeIDE_1.19.0/STM32CubeIDE/plugins/com.st.stm32cube.ide.mcu.externaltools.gnu-tools-for-stm32.13.3.rel1.win32_1.0.0.202411081344/tools/bin/../lib/gcc/arm-none-eabi/13.3.1/../../../../arm-none-eabi/lib/thumb/v7e-m+dp/hard\libnosys.a
END GROUP
LOAD C:/ST/STM32CubeIDE_1.19.0/STM32CubeIDE/plugins/com.st.stm32cube.ide.mcu.externaltools.gnu-tools-for-stm32.13.3.rel1.win32_1.0.0.202411081344/tools/bin/../lib/gcc/arm-none-eabi/13.3.1/thumb/v7e-m+dp/hard/crtend.o
LOAD C:/ST/STM32CubeIDE_1.19.0/STM32CubeIDE/plugins/com.st.stm32cube.ide.mcu.externaltools.gnu-tools-for-stm32.13.3.rel1.win32_1.0.0.202411081344/tools/bin/../lib/gcc/arm-none-eabi/13.3.1/thumb/v7e-m+dp/hard/crtn.o
                0x24080000                        _estack = (ORIGIN (RAM_D1) + LENGTH (RAM_D1))
                0x00000200                        _Min_Heap_Size = 0x200
                0x00000400                        _Min_Stack_Size = 0x400

.isr_vector     0x08000000      0x298
                0x08000000                        . = ALIGN (0x4)
 *(.isr_vector)
 .isr_vector    0x08000000      0x298 ./Core/Startup/startup_stm32h753xihx.o
                0x08000000                g_pfnVectors
                0x08000298                        . = ALIGN (0x4)

.text           0x080002a0     0xfc20
                0x080002a0                        . = ALIGN (0x4)
 *(.text)
 .text          0x080002a0       0x40 C:/ST/STM32CubeIDE_1.19.0/STM32CubeIDE/plugins/com.st.stm32cube.ide.mcu.externaltools.gnu-tools-for-stm32.13.3.rel1.win32_1.0.0.202411081344/tools/bin/../lib/gcc/arm-none-eabi/13.3.1/thumb/v7e-m+dp/hard/crtbegin.o
 .text          0x080002e0       0x30 C:/ST/STM32CubeIDE_1.19.0/STM32CubeIDE/plugins/com.st.stm32cube.ide.mcu.externaltools.gnu-tools-for-stm32.13.3.rel1.win32_1.0.0.202411081344/tools/bin/../lib/gcc/arm-none-eabi/13.3.1/thumb/v7e-m+dp/hard\libgcc.a(_aeabi_uldivmod.o)
                0x080002e0                __aeabi_uldivmod
 .text          0x08000310      0x2f8 C:/ST/STM32CubeIDE_1.19.0/STM32CubeIDE/plugins/com.st.stm32cube.ide.mcu.externaltools.gnu-tools-for-stm32.13.3.rel1.win32_1.0.0.202411081344/tools/bin/../lib/gcc/arm-none-eabi/13.3.1/thumb/v7e-m+dp/hard\libgcc.a(_udivmoddi4.o)
                0x08000310                __udivmoddi4
 .text          0x08000608        0x4 C:/ST/STM32CubeIDE_1.19.0/STM32CubeIDE/plugins/com.st.stm32cube.ide.mcu.externaltools.gnu-tools-for-stm32.13.3.rel1.win32_1.0.0.202411081344/tools/bin/../lib/gcc/arm-none-eabi/13.3.1/thumb/v7e-m+dp/hard\libgcc.a(_dvmd_tls.o)
                0x08000608                __aeabi_idiv0
                0x08000608                __aeabi_ldiv0
 *(.text*)
 .text.main     0x0800060c       0xbc ./Core/Src/main.o
                0x0800060c                main
 .text.SystemClock_Config
                0x080006c8       0xf4 ./Core/Src/main.o
                0x080006c8                SystemClock_Config
 .text.PeriphCommonClock_Config
                0x080007bc       0x5e ./Core/Src/main.o
                0x080007bc                PeriphCommonClock_Config
 *fill*         0x0800081a        0x2 
 .text.MX_ADC2_Init
                0x0800081c       0xf4 ./Core/Src/main.o
 .text.MX_ADC3_Init
                0x08000910      0x134 ./Core/Src/main.o
 .text.MX_DFSDM1_Init
                0x08000a44      0x250 ./Core/Src/main.o
 .text.MX_FDCAN2_Init
                0x08000c94       0xc8 ./Core/Src/main.o
 .text.MX_SPI2_Init
                0x08000d5c       0xac ./Core/Src/main.o
 .text.MX_SPI5_Init
                0x08000e08       0xac ./Core/Src/main.o
 .text.MX_TIM2_Init
                0x08000eb4       0xa8 ./Core/Src/main.o
 .text.MX_UART4_Init
                0x08000f5c       0x98 ./Core/Src/main.o
 .text.MX_BDMA_Init
                0x08000ff4       0x40 ./Core/Src/main.o
 .text.MX_DMA_Init
                0x08001034       0x70 ./Core/Src/main.o
 .text.MX_GPIO_Init
                0x080010a4      0x338 ./Core/Src/main.o
 .text.startTaskManager
                0x080013dc       0x12 ./Core/Src/main.o
                0x080013dc                startTaskManager
 .text.StartFastTask
                0x080013ee       0x12 ./Core/Src/main.o
                0x080013ee                StartFastTask
 .text.StartMediumTask
                0x08001400       0x12 ./Core/Src/main.o
                0x08001400                StartMediumTask
 .text.StartSlowTask
                0x08001412       0x12 ./Core/Src/main.o
                0x08001412                StartSlowTask
 .text.MPU_Config
                0x08001424       0x58 ./Core/Src/main.o
 .text.HAL_TIM_PeriodElapsedCallback
                0x0800147c       0x24 ./Core/Src/main.o
                0x0800147c                HAL_TIM_PeriodElapsedCallback
 .text.Error_Handler
                0x080014a0        0xc ./Core/Src/main.o
                0x080014a0                Error_Handler
 .text.HAL_MspInit
                0x080014ac       0x3c ./Core/Src/stm32h7xx_hal_msp.o
                0x080014ac                HAL_MspInit
 .text.HAL_ADC_MspInit
                0x080014e8      0x1f8 ./Core/Src/stm32h7xx_hal_msp.o
                0x080014e8                HAL_ADC_MspInit
 .text.HAL_DFSDM_FilterMspInit
                0x080016e0      0x2c4 ./Core/Src/stm32h7xx_hal_msp.o
                0x080016e0                HAL_DFSDM_FilterMspInit
 .text.HAL_DFSDM_ChannelMspInit
                0x080019a4      0x140 ./Core/Src/stm32h7xx_hal_msp.o
                0x080019a4                HAL_DFSDM_ChannelMspInit
 .text.HAL_FDCAN_MspInit
                0x08001ae4       0xd4 ./Core/Src/stm32h7xx_hal_msp.o
                0x08001ae4                HAL_FDCAN_MspInit
 .text.HAL_SPI_MspInit
                0x08001bb8      0x1c0 ./Core/Src/stm32h7xx_hal_msp.o
                0x08001bb8                HAL_SPI_MspInit
 .text.HAL_TIM_IC_MspInit
                0x08001d78       0x90 ./Core/Src/stm32h7xx_hal_msp.o
                0x08001d78                HAL_TIM_IC_MspInit
 .text.HAL_UART_MspInit
                0x08001e08       0xd4 ./Core/Src/stm32h7xx_hal_msp.o
                0x08001e08                HAL_UART_MspInit
 .text.HAL_InitTick
                0x08001edc       0xc4 ./Core/Src/stm32h7xx_hal_timebase_tim.o
                0x08001edc                HAL_InitTick
 .text.NMI_Handler
                0x08001fa0        0x8 ./Core/Src/stm32h7xx_it.o
                0x08001fa0                NMI_Handler
 .text.HardFault_Handler
                0x08001fa8        0x8 ./Core/Src/stm32h7xx_it.o
                0x08001fa8                HardFault_Handler
 .text.MemManage_Handler
                0x08001fb0        0x8 ./Core/Src/stm32h7xx_it.o
                0x08001fb0                MemManage_Handler
 .text.BusFault_Handler
                0x08001fb8        0x8 ./Core/Src/stm32h7xx_it.o
                0x08001fb8                BusFault_Handler
 .text.UsageFault_Handler
                0x08001fc0        0x8 ./Core/Src/stm32h7xx_it.o
                0x08001fc0                UsageFault_Handler
 .text.DebugMon_Handler
                0x08001fc8        0xe ./Core/Src/stm32h7xx_it.o
                0x08001fc8                DebugMon_Handler
 *fill*         0x08001fd6        0x2 
 .text.DMA1_Stream0_IRQHandler
                0x08001fd8       0x14 ./Core/Src/stm32h7xx_it.o
                0x08001fd8                DMA1_Stream0_IRQHandler
 .text.DMA1_Stream1_IRQHandler
                0x08001fec       0x14 ./Core/Src/stm32h7xx_it.o
                0x08001fec                DMA1_Stream1_IRQHandler
 .text.DMA1_Stream2_IRQHandler
                0x08002000       0x14 ./Core/Src/stm32h7xx_it.o
                0x08002000                DMA1_Stream2_IRQHandler
 .text.DMA1_Stream3_IRQHandler
                0x08002014       0x14 ./Core/Src/stm32h7xx_it.o
                0x08002014                DMA1_Stream3_IRQHandler
 .text.TIM1_UP_IRQHandler
                0x08002028       0x14 ./Core/Src/stm32h7xx_it.o
                0x08002028                TIM1_UP_IRQHandler
 .text.BDMA_Channel0_IRQHandler
                0x0800203c       0x14 ./Core/Src/stm32h7xx_it.o
                0x0800203c                BDMA_Channel0_IRQHandler
 .text.SystemInit
                0x08002050      0x140 ./Core/Src/system_stm32h7xx.o
                0x08002050                SystemInit
 .text.ExitRun0Mode
                0x08002190       0x30 ./Core/Src/system_stm32h7xx.o
                0x08002190                ExitRun0Mode
 .text.Reset_Handler
                0x080021c0       0x54 ./Core/Startup/startup_stm32h753xihx.o
                0x080021c0                Reset_Handler
 .text.Default_Handler
                0x08002214        0x2 ./Core/Startup/startup_stm32h753xihx.o
                0x08002214                RTC_Alarm_IRQHandler
                0x08002214                HASH_RNG_IRQHandler
                0x08002214                EXTI2_IRQHandler
                0x08002214                TIM8_CC_IRQHandler
                0x08002214                HRTIM1_Master_IRQHandler
                0x08002214                UART8_IRQHandler
                0x08002214                SPI4_IRQHandler
                0x08002214                TIM1_CC_IRQHandler
                0x08002214                BDMA_Channel6_IRQHandler
                0x08002214                DMA2_Stream5_IRQHandler
                0x08002214                HRTIM1_FLT_IRQHandler
                0x08002214                JPEG_IRQHandler
                0x08002214                DMA1_Stream5_IRQHandler
                0x08002214                BDMA_Channel1_IRQHandler
                0x08002214                HRTIM1_TIMD_IRQHandler
                0x08002214                TAMP_STAMP_IRQHandler
                0x08002214                EXTI3_IRQHandler
                0x08002214                LPTIM4_IRQHandler
                0x08002214                TIM8_TRG_COM_TIM14_IRQHandler
                0x08002214                LPTIM2_IRQHandler
                0x08002214                DFSDM1_FLT1_IRQHandler
                0x08002214                DMAMUX2_OVR_IRQHandler
                0x08002214                TIM8_UP_TIM13_IRQHandler
                0x08002214                I2C3_ER_IRQHandler
                0x08002214                DFSDM1_FLT2_IRQHandler
                0x08002214                MDMA_IRQHandler
                0x08002214                LPTIM3_IRQHandler
                0x08002214                HSEM1_IRQHandler
                0x08002214                EXTI0_IRQHandler
                0x08002214                I2C2_EV_IRQHandler
                0x08002214                FPU_IRQHandler
                0x08002214                OTG_HS_WKUP_IRQHandler
                0x08002214                FDCAN1_IT1_IRQHandler
                0x08002214                LTDC_ER_IRQHandler
                0x08002214                DMA2_Stream2_IRQHandler
                0x08002214                HRTIM1_TIME_IRQHandler
                0x08002214                SPI1_IRQHandler
                0x08002214                TIM6_DAC_IRQHandler
                0x08002214                DCMI_IRQHandler
                0x08002214                HRTIM1_TIMC_IRQHandler
                0x08002214                DMA2_Stream3_IRQHandler
                0x08002214                SAI2_IRQHandler
                0x08002214                DFSDM1_FLT3_IRQHandler
                0x08002214                USART6_IRQHandler
                0x08002214                TIM17_IRQHandler
                0x08002214                USART3_IRQHandler
                0x08002214                BDMA_Channel7_IRQHandler
                0x08002214                CRYP_IRQHandler
                0x08002214                LPTIM5_IRQHandler
                0x08002214                UART5_IRQHandler
                0x08002214                ADC3_IRQHandler
                0x08002214                DMA2_Stream0_IRQHandler
                0x08002214                TIM4_IRQHandler
                0x08002214                BDMA_Channel2_IRQHandler
                0x08002214                QUADSPI_IRQHandler
                0x08002214                I2C1_EV_IRQHandler
                0x08002214                DMA1_Stream6_IRQHandler
                0x08002214                DMAMUX1_OVR_IRQHandler
                0x08002214                TIM16_IRQHandler
                0x08002214                UART4_IRQHandler
                0x08002214                BDMA_Channel5_IRQHandler
                0x08002214                TIM3_IRQHandler
                0x08002214                RCC_IRQHandler
                0x08002214                TIM8_BRK_TIM12_IRQHandler
                0x08002214                TIM1_TRG_COM_IRQHandler
                0x08002214                Default_Handler
                0x08002214                ECC_IRQHandler
                0x08002214                CEC_IRQHandler
                0x08002214                EXTI15_10_IRQHandler
                0x08002214                ADC_IRQHandler
                0x08002214                DMA1_Stream7_IRQHandler
                0x08002214                HRTIM1_TIMA_IRQHandler
                0x08002214                SPI5_IRQHandler
                0x08002214                TIM7_IRQHandler
                0x08002214                SDMMC1_IRQHandler
                0x08002214                TIM5_IRQHandler
                0x08002214                DMA2_Stream7_IRQHandler
                0x08002214                TIM15_IRQHandler
                0x08002214                PVD_AVD_IRQHandler
                0x08002214                I2C3_EV_IRQHandler
                0x08002214                EXTI9_5_IRQHandler
                0x08002214                RTC_WKUP_IRQHandler
                0x08002214                LTDC_IRQHandler
                0x08002214                SAI3_IRQHandler
                0x08002214                ETH_WKUP_IRQHandler
                0x08002214                SPDIF_RX_IRQHandler
                0x08002214                SPI2_IRQHandler
                0x08002214                OTG_HS_EP1_IN_IRQHandler
                0x08002214                CRS_IRQHandler
                0x08002214                EXTI4_IRQHandler
                0x08002214                HRTIM1_TIMB_IRQHandler
                0x08002214                FDCAN2_IT1_IRQHandler
                0x08002214                ETH_IRQHandler
                0x08002214                BDMA_Channel4_IRQHandler
                0x08002214                OTG_HS_EP1_OUT_IRQHandler
                0x08002214                WWDG_IRQHandler
                0x08002214                SPI6_IRQHandler
                0x08002214                MDIOS_IRQHandler
                0x08002214                I2C4_EV_IRQHandler
                0x08002214                FDCAN2_IT0_IRQHandler
                0x08002214                LPUART1_IRQHandler
                0x08002214                FDCAN1_IT0_IRQHandler
                0x08002214                TIM2_IRQHandler
                0x08002214                OTG_FS_WKUP_IRQHandler
                0x08002214                OTG_HS_IRQHandler
                0x08002214                DMA2D_IRQHandler
                0x08002214                TIM1_BRK_IRQHandler
                0x08002214                EXTI1_IRQHandler
                0x08002214                SDMMC2_IRQHandler
                0x08002214                OTG_FS_EP1_OUT_IRQHandler
                0x08002214                BDMA_Channel3_IRQHandler
                0x08002214                UART7_IRQHandler
                0x08002214                MDIOS_WKUP_IRQHandler
                0x08002214                USART2_IRQHandler
                0x08002214                DFSDM1_FLT0_IRQHandler
                0x08002214                SAI4_IRQHandler
                0x08002214                I2C2_ER_IRQHandler
                0x08002214                DMA2_Stream1_IRQHandler
                0x08002214                FLASH_IRQHandler
                0x08002214                DMA2_Stream4_IRQHandler
                0x08002214                USART1_IRQHandler
                0x08002214                OTG_FS_IRQHandler
                0x08002214                SPI3_IRQHandler
                0x08002214                WAKEUP_PIN_IRQHandler
                0x08002214                DMA1_Stream4_IRQHandler
                0x08002214                OTG_FS_EP1_IN_IRQHandler
                0x08002214                I2C1_ER_IRQHandler
                0x08002214                FMC_IRQHandler
                0x08002214                FDCAN_CAL_IRQHandler
                0x08002214                SWPMI1_IRQHandler
                0x08002214                COMP1_IRQHandler
                0x08002214                LPTIM1_IRQHandler
                0x08002214                I2C4_ER_IRQHandler
                0x08002214                DMA2_Stream6_IRQHandler
                0x08002214                SAI1_IRQHandler
 *fill*         0x08002216        0x2 
 .text.acu_lv_app_state_machine_init
                0x08002218       0x24 ./Core/application/acu_lv_app_state_manager.o
                0x08002218                acu_lv_app_state_machine_init
 .text.acu_lv_app_state_machine_step
                0x0800223c       0xb8 ./Core/application/acu_lv_app_state_manager.o
                0x0800223c                acu_lv_app_state_machine_step
 .text.handle_startup_state
                0x080022f4       0x18 ./Core/application/acu_lv_app_state_manager.o
 .text.handle_idle_state
                0x0800230c       0x32 ./Core/application/acu_lv_app_state_manager.o
 .text.handle_precharge_state
                0x0800233e       0x10 ./Core/application/acu_lv_app_state_manager.o
 .text.handle_active_state
                0x0800234e       0x10 ./Core/application/acu_lv_app_state_manager.o
 .text.handle_fault_state
                0x0800235e       0x10 ./Core/application/acu_lv_app_state_manager.o
 .text.handle_charging_state
                0x0800236e       0x10 ./Core/application/acu_lv_app_state_manager.o
 .text.handle_balencing_state
                0x0800237e       0x10 ./Core/application/acu_lv_app_state_manager.o
 *fill*         0x0800238e        0x2 
 .text.state_entry
                0x08002390       0x40 ./Core/application/acu_lv_app_state_manager.o
 .text.state_exit
                0x080023d0       0x44 ./Core/application/acu_lv_app_state_manager.o
 .text.acu_lv_drv_turn_on_led
                0x08002414       0x28 ./Core/application/tasks/fast_task.o
 .text.acu_lv_drv_toggle_led
                0x0800243c       0x38 ./Core/application/tasks/fast_task.o
 .text.fast_task_init
                0x08002474       0x58 ./Core/application/tasks/fast_task.o
                0x08002474                fast_task_init
 .text.fast_task_loop
                0x080024cc       0x38 ./Core/application/tasks/fast_task.o
                0x080024cc                fast_task_loop
 .text.acu_lv_drv_turn_on_led
                0x08002504       0x28 ./Core/application/tasks/medium_task.o
 .text.acu_lv_drv_toggle_led
                0x0800252c       0x38 ./Core/application/tasks/medium_task.o
 .text.medium_task_init
                0x08002564       0x20 ./Core/application/tasks/medium_task.o
                0x08002564                medium_task_init
 .text.medium_task_loop
                0x08002584       0x34 ./Core/application/tasks/medium_task.o
                0x08002584                medium_task_loop
 .text.acu_lv_drv_turn_on_led
                0x080025b8       0x28 ./Core/application/tasks/slow_task.o
 .text.acu_lv_drv_toggle_led
                0x080025e0       0x38 ./Core/application/tasks/slow_task.o
 .text.slow_task_init
                0x08002618       0x20 ./Core/application/tasks/slow_task.o
                0x08002618                slow_task_init
 .text.slow_task_loop
                0x08002638       0x2c ./Core/application/tasks/slow_task.o
                0x08002638                slow_task_loop
 .text.task_manager_init
                0x08002664       0x1c ./Core/application/tasks/task_manager.o
                0x08002664                task_manager_init
 .text.task_manager_loop
                0x08002680       0x28 ./Core/application/tasks/task_manager.o
                0x08002680                task_manager_loop
 .text.acu_lv_drv_air_init
                0x080026a8       0x44 ./Core/driver/acu_lv_drv_air.o
                0x080026a8                acu_lv_drv_air_init
 .text.acu_lv_drv_update_sdc_reserve
                0x080026ec       0x64 ./Core/driver/acu_lv_drv_air.o
                0x080026ec                acu_lv_drv_update_sdc_reserve
 .text.acu_lv_drv_adc_init
                0x08002750       0x4a ./Core/driver/acu_lv_drv_analog.o
                0x08002750                acu_lv_drv_adc_init
 .text.acu_lv_drv_adc_start_dma
                0x0800279a       0x3a ./Core/driver/acu_lv_drv_analog.o
                0x0800279a                acu_lv_drv_adc_start_dma
 .text.acu_lv_start_DFSDM_filter
                0x080027d4       0x38 ./Core/driver/acu_lv_drv_dfsdm.o
                0x080027d4                acu_lv_start_DFSDM_filter
 .text.acu_lv_drv_update_imd_state
                0x0800280c       0x30 ./Core/driver/acu_lv_drv_imd.o
                0x0800280c                acu_lv_drv_update_imd_state
 .text.acu_lv_drv_get_imd_state
                0x0800283c       0x18 ./Core/driver/acu_lv_drv_imd.o
                0x0800283c                acu_lv_drv_get_imd_state
 .text.acu_lv_svc_update_accu_voltage
                0x08002854       0x44 ./Core/service/acu_lv_svc_accu.o
                0x08002854                acu_lv_svc_update_accu_voltage
 .text.acu_lv_svc_start_accu_filter
                0x08002898       0x34 ./Core/service/acu_lv_svc_accu.o
                0x08002898                acu_lv_svc_start_accu_filter
 .text.acu_lv_svc_get_sdc_reserve
                0x080028cc       0x1c ./Core/service/acu_lv_svc_air.o
                0x080028cc                acu_lv_svc_get_sdc_reserve
 .text.acu_lv_svc_update_shunt
                0x080028e8       0x44 ./Core/service/acu_lv_svc_shunt.o
                0x080028e8                acu_lv_svc_update_shunt
 .text.acu_lv_svc_start_shunt_filter
                0x0800292c       0x34 ./Core/service/acu_lv_svc_shunt.o
                0x0800292c                acu_lv_svc_start_shunt_filter
 .text.acu_lv_svc_update_ts_voltage
                0x08002960       0x44 ./Core/service/acu_lv_svc_ts.o
                0x08002960                acu_lv_svc_update_ts_voltage
 .text.acu_lv_svc_start_ts_filter
                0x080029a4       0x34 ./Core/service/acu_lv_svc_ts.o
                0x080029a4                acu_lv_svc_start_ts_filter
 .text.HAL_Init
                0x080029d8       0x78 ./Drivers/STM32H7xx_HAL_Driver/Src/stm32h7xx_hal.o
                0x080029d8                HAL_Init
 .text.HAL_IncTick
                0x08002a50       0x28 ./Drivers/STM32H7xx_HAL_Driver/Src/stm32h7xx_hal.o
                0x08002a50                HAL_IncTick
 .text.HAL_GetTick
                0x08002a78       0x18 ./Drivers/STM32H7xx_HAL_Driver/Src/stm32h7xx_hal.o
                0x08002a78                HAL_GetTick
 .text.HAL_GetREVID
                0x08002a90       0x18 ./Drivers/STM32H7xx_HAL_Driver/Src/stm32h7xx_hal.o
                0x08002a90                HAL_GetREVID
 .text.LL_ADC_SetCommonClock
                0x08002aa8       0x26 ./Drivers/STM32H7xx_HAL_Driver/Src/stm32h7xx_hal_adc.o
 .text.LL_ADC_SetCommonPathInternalCh
                0x08002ace       0x26 ./Drivers/STM32H7xx_HAL_Driver/Src/stm32h7xx_hal_adc.o
 .text.LL_ADC_GetCommonPathInternalCh
                0x08002af4       0x1c ./Drivers/STM32H7xx_HAL_Driver/Src/stm32h7xx_hal_adc.o
 .text.LL_ADC_SetChannelPreselection
                0x08002b10       0x66 ./Drivers/STM32H7xx_HAL_Driver/Src/stm32h7xx_hal_adc.o
 .text.LL_ADC_SetOffset
                0x08002b76       0x40 ./Drivers/STM32H7xx_HAL_Driver/Src/stm32h7xx_hal_adc.o
 .text.LL_ADC_SetDataRightShift
                0x08002bb6       0x32 ./Drivers/STM32H7xx_HAL_Driver/Src/stm32h7xx_hal_adc.o
 .text.LL_ADC_SetOffsetSignedSaturation
                0x08002be8       0x36 ./Drivers/STM32H7xx_HAL_Driver/Src/stm32h7xx_hal_adc.o
 .text.LL_ADC_REG_IsTriggerSourceSWStart
                0x08002c1e       0x26 ./Drivers/STM32H7xx_HAL_Driver/Src/stm32h7xx_hal_adc.o
 .text.LL_ADC_REG_SetSequencerRanks
                0x08002c44       0x58 ./Drivers/STM32H7xx_HAL_Driver/Src/stm32h7xx_hal_adc.o
 .text.LL_ADC_REG_SetDataTransferMode
                0x08002c9c       0x26 ./Drivers/STM32H7xx_HAL_Driver/Src/stm32h7xx_hal_adc.o
 .text.LL_ADC_SetChannelSamplingTime
                0x08002cc2       0x56 ./Drivers/STM32H7xx_HAL_Driver/Src/stm32h7xx_hal_adc.o
 .text.LL_ADC_SetChannelSingleDiff
                0x08002d18       0x48 ./Drivers/STM32H7xx_HAL_Driver/Src/stm32h7xx_hal_adc.o
 .text.LL_ADC_GetMultimode
                0x08002d60       0x1c ./Drivers/STM32H7xx_HAL_Driver/Src/stm32h7xx_hal_adc.o
 .text.LL_ADC_DisableDeepPowerDown
                0x08002d7c       0x24 ./Drivers/STM32H7xx_HAL_Driver/Src/stm32h7xx_hal_adc.o
 .text.LL_ADC_IsDeepPowerDownEnabled
                0x08002da0       0x28 ./Drivers/STM32H7xx_HAL_Driver/Src/stm32h7xx_hal_adc.o
 .text.LL_ADC_EnableInternalRegulator
                0x08002dc8       0x28 ./Drivers/STM32H7xx_HAL_Driver/Src/stm32h7xx_hal_adc.o
 .text.LL_ADC_IsInternalRegulatorEnabled
                0x08002df0       0x28 ./Drivers/STM32H7xx_HAL_Driver/Src/stm32h7xx_hal_adc.o
 .text.LL_ADC_Enable
                0x08002e18       0x28 ./Drivers/STM32H7xx_HAL_Driver/Src/stm32h7xx_hal_adc.o
 .text.LL_ADC_Disable
                0x08002e40       0x28 ./Drivers/STM32H7xx_HAL_Driver/Src/stm32h7xx_hal_adc.o
 .text.LL_ADC_IsEnabled
                0x08002e68       0x26 ./Drivers/STM32H7xx_HAL_Driver/Src/stm32h7xx_hal_adc.o
 .text.LL_ADC_IsDisableOngoing
                0x08002e8e       0x26 ./Drivers/STM32H7xx_HAL_Driver/Src/stm32h7xx_hal_adc.o
 .text.LL_ADC_REG_StartConversion
                0x08002eb4       0x28 ./Drivers/STM32H7xx_HAL_Driver/Src/stm32h7xx_hal_adc.o
 .text.LL_ADC_REG_IsConversionOngoing
                0x08002edc       0x26 ./Drivers/STM32H7xx_HAL_Driver/Src/stm32h7xx_hal_adc.o
 .text.LL_ADC_INJ_IsConversionOngoing
                0x08002f02       0x26 ./Drivers/STM32H7xx_HAL_Driver/Src/stm32h7xx_hal_adc.o
 .text.HAL_ADC_Init
                0x08002f28      0x344 ./Drivers/STM32H7xx_HAL_Driver/Src/stm32h7xx_hal_adc.o
                0x08002f28                HAL_ADC_Init
 .text.HAL_ADC_Start_DMA
                0x0800326c      0x188 ./Drivers/STM32H7xx_HAL_Driver/Src/stm32h7xx_hal_adc.o
                0x0800326c                HAL_ADC_Start_DMA
 .text.HAL_ADC_ConvCpltCallback
                0x080033f4       0x14 ./Drivers/STM32H7xx_HAL_Driver/Src/stm32h7xx_hal_adc.o
                0x080033f4                HAL_ADC_ConvCpltCallback
 .text.HAL_ADC_ConvHalfCpltCallback
                0x08003408       0x14 ./Drivers/STM32H7xx_HAL_Driver/Src/stm32h7xx_hal_adc.o
                0x08003408                HAL_ADC_ConvHalfCpltCallback
 .text.HAL_ADC_ErrorCallback
                0x0800341c       0x14 ./Drivers/STM32H7xx_HAL_Driver/Src/stm32h7xx_hal_adc.o
                0x0800341c                HAL_ADC_ErrorCallback
 .text.HAL_ADC_ConfigChannel
                0x08003430      0x5e0 ./Drivers/STM32H7xx_HAL_Driver/Src/stm32h7xx_hal_adc.o
                0x08003430                HAL_ADC_ConfigChannel
 .text.ADC_Enable
                0x08003a10      0x114 ./Drivers/STM32H7xx_HAL_Driver/Src/stm32h7xx_hal_adc.o
                0x08003a10                ADC_Enable
 .text.ADC_Disable
                0x08003b24       0xbe ./Drivers/STM32H7xx_HAL_Driver/Src/stm32h7xx_hal_adc.o
                0x08003b24                ADC_Disable
 .text.ADC_DMAConvCplt
                0x08003be2       0xd8 ./Drivers/STM32H7xx_HAL_Driver/Src/stm32h7xx_hal_adc.o
                0x08003be2                ADC_DMAConvCplt
 .text.ADC_DMAHalfConvCplt
                0x08003cba       0x1c ./Drivers/STM32H7xx_HAL_Driver/Src/stm32h7xx_hal_adc.o
                0x08003cba                ADC_DMAHalfConvCplt
 .text.ADC_DMAError
                0x08003cd6       0x34 ./Drivers/STM32H7xx_HAL_Driver/Src/stm32h7xx_hal_adc.o
                0x08003cd6                ADC_DMAError
 *fill*         0x08003d0a        0x2 
 .text.ADC_ConfigureBoostMode
                0x08003d0c      0x218 ./Drivers/STM32H7xx_HAL_Driver/Src/stm32h7xx_hal_adc.o
                0x08003d0c                ADC_ConfigureBoostMode
 .text.LL_ADC_StartCalibration
                0x08003f24       0x3c ./Drivers/STM32H7xx_HAL_Driver/Src/stm32h7xx_hal_adc_ex.o
 .text.LL_ADC_IsCalibrationOnGoing
                0x08003f60       0x28 ./Drivers/STM32H7xx_HAL_Driver/Src/stm32h7xx_hal_adc_ex.o
 .text.HAL_ADCEx_Calibration_Start
                0x08003f88       0xc8 ./Drivers/STM32H7xx_HAL_Driver/Src/stm32h7xx_hal_adc_ex.o
                0x08003f88                HAL_ADCEx_Calibration_Start
 .text.__NVIC_SetPriorityGrouping
                0x08004050       0x48 ./Drivers/STM32H7xx_HAL_Driver/Src/stm32h7xx_hal_cortex.o
 .text.__NVIC_GetPriorityGrouping
                0x08004098       0x1c ./Drivers/STM32H7xx_HAL_Driver/Src/stm32h7xx_hal_cortex.o
 .text.__NVIC_EnableIRQ
                0x080040b4       0x3c ./Drivers/STM32H7xx_HAL_Driver/Src/stm32h7xx_hal_cortex.o
 .text.__NVIC_SetPriority
                0x080040f0       0x54 ./Drivers/STM32H7xx_HAL_Driver/Src/stm32h7xx_hal_cortex.o
 .text.NVIC_EncodePriority
                0x08004144       0x66 ./Drivers/STM32H7xx_HAL_Driver/Src/stm32h7xx_hal_cortex.o
 .text.HAL_NVIC_SetPriorityGrouping
                0x080041aa       0x16 ./Drivers/STM32H7xx_HAL_Driver/Src/stm32h7xx_hal_cortex.o
                0x080041aa                HAL_NVIC_SetPriorityGrouping
 .text.HAL_NVIC_SetPriority
                0x080041c0       0x34 ./Drivers/STM32H7xx_HAL_Driver/Src/stm32h7xx_hal_cortex.o
                0x080041c0                HAL_NVIC_SetPriority
 .text.HAL_NVIC_EnableIRQ
                0x080041f4       0x1c ./Drivers/STM32H7xx_HAL_Driver/Src/stm32h7xx_hal_cortex.o
                0x080041f4                HAL_NVIC_EnableIRQ
 .text.HAL_MPU_Disable
                0x08004210       0x30 ./Drivers/STM32H7xx_HAL_Driver/Src/stm32h7xx_hal_cortex.o
                0x08004210                HAL_MPU_Disable
 .text.HAL_MPU_Enable
                0x08004240       0x40 ./Drivers/STM32H7xx_HAL_Driver/Src/stm32h7xx_hal_cortex.o
                0x08004240                HAL_MPU_Enable
 .text.HAL_MPU_ConfigRegion
                0x08004280       0x80 ./Drivers/STM32H7xx_HAL_Driver/Src/stm32h7xx_hal_cortex.o
                0x08004280                HAL_MPU_ConfigRegion
 .text.HAL_DFSDM_ChannelInit
                0x08004300      0x190 ./Drivers/STM32H7xx_HAL_Driver/Src/stm32h7xx_hal_dfsdm.o
                0x08004300                HAL_DFSDM_ChannelInit
 .text.HAL_DFSDM_FilterInit
                0x08004490      0x1b8 ./Drivers/STM32H7xx_HAL_Driver/Src/stm32h7xx_hal_dfsdm.o
                0x08004490                HAL_DFSDM_FilterInit
 .text.HAL_DFSDM_FilterConfigRegChannel
                0x08004648       0x8c ./Drivers/STM32H7xx_HAL_Driver/Src/stm32h7xx_hal_dfsdm.o
                0x08004648                HAL_DFSDM_FilterConfigRegChannel
 .text.HAL_DFSDM_FilterRegularStart_DMA
                0x080046d4      0x108 ./Drivers/STM32H7xx_HAL_Driver/Src/stm32h7xx_hal_dfsdm.o
                0x080046d4                HAL_DFSDM_FilterRegularStart_DMA
 .text.HAL_DFSDM_FilterRegConvCpltCallback
                0x080047dc       0x14 ./Drivers/STM32H7xx_HAL_Driver/Src/stm32h7xx_hal_dfsdm.o
                0x080047dc                HAL_DFSDM_FilterRegConvCpltCallback
 .text.HAL_DFSDM_FilterRegConvHalfCpltCallback
                0x080047f0       0x14 ./Drivers/STM32H7xx_HAL_Driver/Src/stm32h7xx_hal_dfsdm.o
                0x080047f0                HAL_DFSDM_FilterRegConvHalfCpltCallback
 .text.HAL_DFSDM_FilterErrorCallback
                0x08004804       0x14 ./Drivers/STM32H7xx_HAL_Driver/Src/stm32h7xx_hal_dfsdm.o
                0x08004804                HAL_DFSDM_FilterErrorCallback
 .text.DFSDM_DMARegularHalfConvCplt
                0x08004818       0x1c ./Drivers/STM32H7xx_HAL_Driver/Src/stm32h7xx_hal_dfsdm.o
 .text.DFSDM_DMARegularConvCplt
                0x08004834       0x1c ./Drivers/STM32H7xx_HAL_Driver/Src/stm32h7xx_hal_dfsdm.o
 .text.DFSDM_DMAError
                0x08004850       0x22 ./Drivers/STM32H7xx_HAL_Driver/Src/stm32h7xx_hal_dfsdm.o
 *fill*         0x08004872        0x2 
 .text.DFSDM_GetChannelFromInstance
                0x08004874       0x98 ./Drivers/STM32H7xx_HAL_Driver/Src/stm32h7xx_hal_dfsdm.o
 .text.DFSDM_RegConvStart
                0x0800490c       0xac ./Drivers/STM32H7xx_HAL_Driver/Src/stm32h7xx_hal_dfsdm.o
 .text.HAL_DMA_Init
                0x080049b8      0x6b8 ./Drivers/STM32H7xx_HAL_Driver/Src/stm32h7xx_hal_dma.o
                0x080049b8                HAL_DMA_Init
 .text.HAL_DMA_Start_IT
                0x08005070      0x4d4 ./Drivers/STM32H7xx_HAL_Driver/Src/stm32h7xx_hal_dma.o
                0x08005070                HAL_DMA_Start_IT
 .text.HAL_DMA_IRQHandler
                0x08005544      0xe54 ./Drivers/STM32H7xx_HAL_Driver/Src/stm32h7xx_hal_dma.o
                0x08005544                HAL_DMA_IRQHandler
 .text.DMA_SetConfig
                0x08006398      0x358 ./Drivers/STM32H7xx_HAL_Driver/Src/stm32h7xx_hal_dma.o
 .text.DMA_CalcBaseAndBitshift
                0x080066f0      0x164 ./Drivers/STM32H7xx_HAL_Driver/Src/stm32h7xx_hal_dma.o
 .text.DMA_CheckFifoParam
                0x08006854       0xf8 ./Drivers/STM32H7xx_HAL_Driver/Src/stm32h7xx_hal_dma.o
 .text.DMA_CalcDMAMUXChannelBaseAndMask
                0x0800694c      0x134 ./Drivers/STM32H7xx_HAL_Driver/Src/stm32h7xx_hal_dma.o
 .text.DMA_CalcDMAMUXRequestGenBaseAndMask
                0x08006a80       0xe8 ./Drivers/STM32H7xx_HAL_Driver/Src/stm32h7xx_hal_dma.o
 .text.HAL_FDCAN_Init
                0x08006b68      0x3bc ./Drivers/STM32H7xx_HAL_Driver/Src/stm32h7xx_hal_fdcan.o
                0x08006b68                HAL_FDCAN_Init
 .text.FDCAN_CalcultateRamBlockAddresses
                0x08006f24      0x30c ./Drivers/STM32H7xx_HAL_Driver/Src/stm32h7xx_hal_fdcan.o
 .text.HAL_GPIO_Init
                0x08007230      0x360 ./Drivers/STM32H7xx_HAL_Driver/Src/stm32h7xx_hal_gpio.o
                0x08007230                HAL_GPIO_Init
 .text.HAL_GPIO_ReadPin
                0x08007590       0x30 ./Drivers/STM32H7xx_HAL_Driver/Src/stm32h7xx_hal_gpio.o
                0x08007590                HAL_GPIO_ReadPin
 .text.HAL_GPIO_WritePin
                0x080075c0       0x32 ./Drivers/STM32H7xx_HAL_Driver/Src/stm32h7xx_hal_gpio.o
                0x080075c0                HAL_GPIO_WritePin
 *fill*         0x080075f2        0x2 
 .text.HAL_PWREx_ConfigSupply
                0x080075f4       0x74 ./Drivers/STM32H7xx_HAL_Driver/Src/stm32h7xx_hal_pwr_ex.o
                0x080075f4                HAL_PWREx_ConfigSupply
 .text.HAL_RCC_OscConfig
                0x08007668      0x8b4 ./Drivers/STM32H7xx_HAL_Driver/Src/stm32h7xx_hal_rcc.o
                0x08007668                HAL_RCC_OscConfig
 .text.HAL_RCC_ClockConfig
                0x08007f1c      0x36c ./Drivers/STM32H7xx_HAL_Driver/Src/stm32h7xx_hal_rcc.o
                0x08007f1c                HAL_RCC_ClockConfig
 .text.HAL_RCC_GetSysClockFreq
                0x08008288      0x2f4 ./Drivers/STM32H7xx_HAL_Driver/Src/stm32h7xx_hal_rcc.o
                0x08008288                HAL_RCC_GetSysClockFreq
 .text.HAL_RCC_GetHCLKFreq
                0x0800857c       0x60 ./Drivers/STM32H7xx_HAL_Driver/Src/stm32h7xx_hal_rcc.o
                0x0800857c                HAL_RCC_GetHCLKFreq
 .text.HAL_RCC_GetPCLK1Freq
                0x080085dc       0x2c ./Drivers/STM32H7xx_HAL_Driver/Src/stm32h7xx_hal_rcc.o
                0x080085dc                HAL_RCC_GetPCLK1Freq
 .text.HAL_RCC_GetPCLK2Freq
                0x08008608       0x2c ./Drivers/STM32H7xx_HAL_Driver/Src/stm32h7xx_hal_rcc.o
                0x08008608                HAL_RCC_GetPCLK2Freq
 .text.HAL_RCC_GetClockConfig
                0x08008634       0x84 ./Drivers/STM32H7xx_HAL_Driver/Src/stm32h7xx_hal_rcc.o
                0x08008634                HAL_RCC_GetClockConfig
 .text.HAL_RCCEx_PeriphCLKConfig
                0x080086b8     0x1414 ./Drivers/STM32H7xx_HAL_Driver/Src/stm32h7xx_hal_rcc_ex.o
                0x080086b8                HAL_RCCEx_PeriphCLKConfig
 .text.HAL_RCCEx_GetPeriphCLKFreq
                0x08009acc      0xb00 ./Drivers/STM32H7xx_HAL_Driver/Src/stm32h7xx_hal_rcc_ex.o
                0x08009acc                HAL_RCCEx_GetPeriphCLKFreq
 .text.HAL_RCCEx_GetD3PCLK1Freq
                0x0800a5cc       0x2c ./Drivers/STM32H7xx_HAL_Driver/Src/stm32h7xx_hal_rcc_ex.o
                0x0800a5cc                HAL_RCCEx_GetD3PCLK1Freq
 .text.HAL_RCCEx_GetPLL2ClockFreq
                0x0800a5f8      0x2a8 ./Drivers/STM32H7xx_HAL_Driver/Src/stm32h7xx_hal_rcc_ex.o
                0x0800a5f8                HAL_RCCEx_GetPLL2ClockFreq
 .text.HAL_RCCEx_GetPLL3ClockFreq
                0x0800a8a0      0x2a8 ./Drivers/STM32H7xx_HAL_Driver/Src/stm32h7xx_hal_rcc_ex.o
                0x0800a8a0                HAL_RCCEx_GetPLL3ClockFreq
 .text.HAL_RCCEx_GetPLL1ClockFreq
                0x0800ab48      0x2a4 ./Drivers/STM32H7xx_HAL_Driver/Src/stm32h7xx_hal_rcc_ex.o
                0x0800ab48                HAL_RCCEx_GetPLL1ClockFreq
 .text.RCCEx_PLL2_Config
                0x0800adec      0x164 ./Drivers/STM32H7xx_HAL_Driver/Src/stm32h7xx_hal_rcc_ex.o
 .text.RCCEx_PLL3_Config
                0x0800af50      0x164 ./Drivers/STM32H7xx_HAL_Driver/Src/stm32h7xx_hal_rcc_ex.o
 .text.HAL_SPI_Init
                0x0800b0b4      0x248 ./Drivers/STM32H7xx_HAL_Driver/Src/stm32h7xx_hal_spi.o
                0x0800b0b4                HAL_SPI_Init
 .text.SPI_GetPacketSize
                0x0800b2fc       0x36 ./Drivers/STM32H7xx_HAL_Driver/Src/stm32h7xx_hal_spi.o
 .text.HAL_TIM_Base_Init
                0x0800b332       0xae ./Drivers/STM32H7xx_HAL_Driver/Src/stm32h7xx_hal_tim.o
                0x0800b332                HAL_TIM_Base_Init
 .text.HAL_TIM_Base_MspInit
                0x0800b3e0       0x14 ./Drivers/STM32H7xx_HAL_Driver/Src/stm32h7xx_hal_tim.o
                0x0800b3e0                HAL_TIM_Base_MspInit
 .text.HAL_TIM_Base_Start_IT
                0x0800b3f4       0xf0 ./Drivers/STM32H7xx_HAL_Driver/Src/stm32h7xx_hal_tim.o
                0x0800b3f4                HAL_TIM_Base_Start_IT
 .text.HAL_TIM_IC_Init
                0x0800b4e4       0xae ./Drivers/STM32H7xx_HAL_Driver/Src/stm32h7xx_hal_tim.o
                0x0800b4e4                HAL_TIM_IC_Init
 .text.HAL_TIM_IRQHandler
                0x0800b592      0x20e ./Drivers/STM32H7xx_HAL_Driver/Src/stm32h7xx_hal_tim.o
                0x0800b592                HAL_TIM_IRQHandler
 .text.HAL_TIM_IC_ConfigChannel
                0x0800b7a0      0x138 ./Drivers/STM32H7xx_HAL_Driver/Src/stm32h7xx_hal_tim.o
                0x0800b7a0                HAL_TIM_IC_ConfigChannel
 .text.HAL_TIM_OC_DelayElapsedCallback
                0x0800b8d8       0x14 ./Drivers/STM32H7xx_HAL_Driver/Src/stm32h7xx_hal_tim.o
                0x0800b8d8                HAL_TIM_OC_DelayElapsedCallback
 .text.HAL_TIM_IC_CaptureCallback
                0x0800b8ec       0x14 ./Drivers/STM32H7xx_HAL_Driver/Src/stm32h7xx_hal_tim.o
                0x0800b8ec                HAL_TIM_IC_CaptureCallback
 .text.HAL_TIM_PWM_PulseFinishedCallback
                0x0800b900       0x14 ./Drivers/STM32H7xx_HAL_Driver/Src/stm32h7xx_hal_tim.o
                0x0800b900                HAL_TIM_PWM_PulseFinishedCallback
 .text.HAL_TIM_TriggerCallback
                0x0800b914       0x14 ./Drivers/STM32H7xx_HAL_Driver/Src/stm32h7xx_hal_tim.o
                0x0800b914                HAL_TIM_TriggerCallback
 .text.TIM_Base_SetConfig
                0x0800b928      0x140 ./Drivers/STM32H7xx_HAL_Driver/Src/stm32h7xx_hal_tim.o
                0x0800b928                TIM_Base_SetConfig
 .text.TIM_TI1_SetConfig
                0x0800ba68       0xe8 ./Drivers/STM32H7xx_HAL_Driver/Src/stm32h7xx_hal_tim.o
                0x0800ba68                TIM_TI1_SetConfig
 .text.TIM_TI2_SetConfig
                0x0800bb50       0x7a ./Drivers/STM32H7xx_HAL_Driver/Src/stm32h7xx_hal_tim.o
 .text.TIM_TI3_SetConfig
                0x0800bbca       0x78 ./Drivers/STM32H7xx_HAL_Driver/Src/stm32h7xx_hal_tim.o
 .text.TIM_TI4_SetConfig
                0x0800bc42       0x7a ./Drivers/STM32H7xx_HAL_Driver/Src/stm32h7xx_hal_tim.o
 .text.HAL_TIMEx_MasterConfigSynchronization
                0x0800bcbc      0x11c ./Drivers/STM32H7xx_HAL_Driver/Src/stm32h7xx_hal_tim_ex.o
                0x0800bcbc                HAL_TIMEx_MasterConfigSynchronization
 .text.HAL_TIMEx_CommutCallback
                0x0800bdd8       0x14 ./Drivers/STM32H7xx_HAL_Driver/Src/stm32h7xx_hal_tim_ex.o
                0x0800bdd8                HAL_TIMEx_CommutCallback
 .text.HAL_TIMEx_BreakCallback
                0x0800bdec       0x14 ./Drivers/STM32H7xx_HAL_Driver/Src/stm32h7xx_hal_tim_ex.o
                0x0800bdec                HAL_TIMEx_BreakCallback
 .text.HAL_TIMEx_Break2Callback
                0x0800be00       0x14 ./Drivers/STM32H7xx_HAL_Driver/Src/stm32h7xx_hal_tim_ex.o
                0x0800be00                HAL_TIMEx_Break2Callback
 .text.HAL_HalfDuplex_Init
                0x0800be14       0xb0 ./Drivers/STM32H7xx_HAL_Driver/Src/stm32h7xx_hal_uart.o
                0x0800be14                HAL_HalfDuplex_Init
 .text.UART_SetConfig
                0x0800bec4      0xad0 ./Drivers/STM32H7xx_HAL_Driver/Src/stm32h7xx_hal_uart.o
                0x0800bec4                UART_SetConfig
 .text.UART_AdvFeatureConfig
                0x0800c994      0x144 ./Drivers/STM32H7xx_HAL_Driver/Src/stm32h7xx_hal_uart.o
                0x0800c994                UART_AdvFeatureConfig
 .text.UART_CheckIdleState
                0x0800cad8      0x154 ./Drivers/STM32H7xx_HAL_Driver/Src/stm32h7xx_hal_uart.o
                0x0800cad8                UART_CheckIdleState
 .text.UART_WaitOnFlagUntilTimeout
                0x0800cc2c       0xda ./Drivers/STM32H7xx_HAL_Driver/Src/stm32h7xx_hal_uart.o
                0x0800cc2c                UART_WaitOnFlagUntilTimeout
 *fill*         0x0800cd06        0x2 
 .text.UART_EndRxTransfer
                0x0800cd08       0xcc ./Drivers/STM32H7xx_HAL_Driver/Src/stm32h7xx_hal_uart.o
 .text.HAL_UARTEx_DisableFifoMode
                0x0800cdd4       0x72 ./Drivers/STM32H7xx_HAL_Driver/Src/stm32h7xx_hal_uart_ex.o
                0x0800cdd4                HAL_UARTEx_DisableFifoMode
 .text.HAL_UARTEx_SetTxFifoThreshold
                0x0800ce46       0x7c ./Drivers/STM32H7xx_HAL_Driver/Src/stm32h7xx_hal_uart_ex.o
                0x0800ce46                HAL_UARTEx_SetTxFifoThreshold
 .text.HAL_UARTEx_SetRxFifoThreshold
                0x0800cec2       0x7c ./Drivers/STM32H7xx_HAL_Driver/Src/stm32h7xx_hal_uart_ex.o
                0x0800cec2                HAL_UARTEx_SetRxFifoThreshold
 *fill*         0x0800cf3e        0x2 
 .text.UARTEx_SetNbDataToProcess
                0x0800cf40       0x9c ./Drivers/STM32H7xx_HAL_Driver/Src/stm32h7xx_hal_uart_ex.o
 .text.__NVIC_SetPriority
                0x0800cfdc       0x54 ./Middlewares/Third_Party/FreeRTOS/Source/CMSIS_RTOS_V2/cmsis_os2.o
 .text.SysTick_Handler
                0x0800d030       0x20 ./Middlewares/Third_Party/FreeRTOS/Source/CMSIS_RTOS_V2/cmsis_os2.o
                0x0800d030                SysTick_Handler
 .text.SVC_Setup
                0x0800d050       0x12 ./Middlewares/Third_Party/FreeRTOS/Source/CMSIS_RTOS_V2/cmsis_os2.o
 *fill*         0x0800d062        0x2 
 .text.osKernelInitialize
                0x0800d064       0x48 ./Middlewares/Third_Party/FreeRTOS/Source/CMSIS_RTOS_V2/cmsis_os2.o
                0x0800d064                osKernelInitialize
 .text.osKernelStart
                0x0800d0ac       0x4c ./Middlewares/Third_Party/FreeRTOS/Source/CMSIS_RTOS_V2/cmsis_os2.o
                0x0800d0ac                osKernelStart
 .text.osKernelGetTickCount
                0x0800d0f8       0x2a ./Middlewares/Third_Party/FreeRTOS/Source/CMSIS_RTOS_V2/cmsis_os2.o
                0x0800d0f8                osKernelGetTickCount
 .text.osThreadNew
                0x0800d122      0x124 ./Middlewares/Third_Party/FreeRTOS/Source/CMSIS_RTOS_V2/cmsis_os2.o
                0x0800d122                osThreadNew
 .text.osDelayUntil
                0x0800d246       0x5a ./Middlewares/Third_Party/FreeRTOS/Source/CMSIS_RTOS_V2/cmsis_os2.o
                0x0800d246                osDelayUntil
 .text.vApplicationGetIdleTaskMemory
                0x0800d2a0       0x34 ./Middlewares/Third_Party/FreeRTOS/Source/CMSIS_RTOS_V2/cmsis_os2.o
                0x0800d2a0                vApplicationGetIdleTaskMemory
 .text.vApplicationGetTimerTaskMemory
                0x0800d2d4       0x34 ./Middlewares/Third_Party/FreeRTOS/Source/CMSIS_RTOS_V2/cmsis_os2.o
                0x0800d2d4                vApplicationGetTimerTaskMemory
 .text.vListInitialise
                0x0800d308       0x40 ./Middlewares/Third_Party/FreeRTOS/Source/list.o
                0x0800d308                vListInitialise
 .text.vListInitialiseItem
                0x0800d348       0x1a ./Middlewares/Third_Party/FreeRTOS/Source/list.o
                0x0800d348                vListInitialiseItem
 .text.vListInsertEnd
                0x0800d362       0x48 ./Middlewares/Third_Party/FreeRTOS/Source/list.o
                0x0800d362                vListInsertEnd
 .text.vListInsert
                0x0800d3aa       0x72 ./Middlewares/Third_Party/FreeRTOS/Source/list.o
                0x0800d3aa                vListInsert
 .text.uxListRemove
                0x0800d41c       0x54 ./Middlewares/Third_Party/FreeRTOS/Source/list.o
                0x0800d41c                uxListRemove
 .text.xQueueGenericReset
                0x0800d470       0xd4 ./Middlewares/Third_Party/FreeRTOS/Source/queue.o
                0x0800d470                xQueueGenericReset
 .text.xQueueGenericCreateStatic
                0x0800d544       0xfa ./Middlewares/Third_Party/FreeRTOS/Source/queue.o
                0x0800d544                xQueueGenericCreateStatic
 .text.prvInitialiseNewQueue
                0x0800d63e       0x46 ./Middlewares/Third_Party/FreeRTOS/Source/queue.o
 .text.xQueueGenericSend
                0x0800d684      0x204 ./Middlewares/Third_Party/FreeRTOS/Source/queue.o
                0x0800d684                xQueueGenericSend
 .text.xQueueGenericSendFromISR
                0x0800d888      0x13c ./Middlewares/Third_Party/FreeRTOS/Source/queue.o
                0x0800d888                xQueueGenericSendFromISR
 .text.xQueueReceive
                0x0800d9c4      0x1c4 ./Middlewares/Third_Party/FreeRTOS/Source/queue.o
                0x0800d9c4                xQueueReceive
 .text.prvCopyDataToQueue
                0x0800db88       0xd4 ./Middlewares/Third_Party/FreeRTOS/Source/queue.o
 .text.prvCopyDataFromQueue
                0x0800dc5c       0x4c ./Middlewares/Third_Party/FreeRTOS/Source/queue.o
 .text.prvUnlockQueue
                0x0800dca8       0xa4 ./Middlewares/Third_Party/FreeRTOS/Source/queue.o
 .text.prvIsQueueEmpty
                0x0800dd4c       0x2c ./Middlewares/Third_Party/FreeRTOS/Source/queue.o
 .text.prvIsQueueFull
                0x0800dd78       0x30 ./Middlewares/Third_Party/FreeRTOS/Source/queue.o
 .text.vQueueAddToRegistry
                0x0800dda8       0x54 ./Middlewares/Third_Party/FreeRTOS/Source/queue.o
                0x0800dda8                vQueueAddToRegistry
 .text.vQueueWaitForMessageRestricted
                0x0800ddfc       0x68 ./Middlewares/Third_Party/FreeRTOS/Source/queue.o
                0x0800ddfc                vQueueWaitForMessageRestricted
 .text.xTaskCreateStatic
                0x0800de64       0xc0 ./Middlewares/Third_Party/FreeRTOS/Source/tasks.o
                0x0800de64                xTaskCreateStatic
 .text.xTaskCreate
                0x0800df24       0x8a ./Middlewares/Third_Party/FreeRTOS/Source/tasks.o
                0x0800df24                xTaskCreate
 *fill*         0x0800dfae        0x2 
 .text.prvInitialiseNewTask
                0x0800dfb0      0x150 ./Middlewares/Third_Party/FreeRTOS/Source/tasks.o
 .text.prvAddNewTaskToReadyList
                0x0800e100       0xe0 ./Middlewares/Third_Party/FreeRTOS/Source/tasks.o
 .text.vTaskDelayUntil
                0x0800e1e0      0x100 ./Middlewares/Third_Party/FreeRTOS/Source/tasks.o
                0x0800e1e0                vTaskDelayUntil
 .text.vTaskStartScheduler
                0x0800e2e0       0xe0 ./Middlewares/Third_Party/FreeRTOS/Source/tasks.o
                0x0800e2e0                vTaskStartScheduler
 .text.vTaskSuspendAll
                0x0800e3c0       0x1c ./Middlewares/Third_Party/FreeRTOS/Source/tasks.o
                0x0800e3c0                vTaskSuspendAll
 .text.xTaskResumeAll
                0x0800e3dc      0x13c ./Middlewares/Third_Party/FreeRTOS/Source/tasks.o
                0x0800e3dc                xTaskResumeAll
 .text.xTaskGetTickCount
                0x0800e518       0x20 ./Middlewares/Third_Party/FreeRTOS/Source/tasks.o
                0x0800e518                xTaskGetTickCount
 .text.xTaskGetTickCountFromISR
                0x0800e538       0x24 ./Middlewares/Third_Party/FreeRTOS/Source/tasks.o
                0x0800e538                xTaskGetTickCountFromISR
 .text.xTaskIncrementTick
                0x0800e55c      0x174 ./Middlewares/Third_Party/FreeRTOS/Source/tasks.o
                0x0800e55c                xTaskIncrementTick
 .text.vTaskSwitchContext
                0x0800e6d0       0xcc ./Middlewares/Third_Party/FreeRTOS/Source/tasks.o
                0x0800e6d0                vTaskSwitchContext
 .text.vTaskPlaceOnEventList
                0x0800e79c       0x4c ./Middlewares/Third_Party/FreeRTOS/Source/tasks.o
                0x0800e79c                vTaskPlaceOnEventList
 .text.vTaskPlaceOnEventListRestricted
                0x0800e7e8       0x58 ./Middlewares/Third_Party/FreeRTOS/Source/tasks.o
                0x0800e7e8                vTaskPlaceOnEventListRestricted
 .text.xTaskRemoveFromEventList
                0x0800e840       0xc8 ./Middlewares/Third_Party/FreeRTOS/Source/tasks.o
                0x0800e840                xTaskRemoveFromEventList
 .text.vTaskInternalSetTimeOutState
                0x0800e908       0x2c ./Middlewares/Third_Party/FreeRTOS/Source/tasks.o
                0x0800e908                vTaskInternalSetTimeOutState
 .text.xTaskCheckForTimeOut
                0x0800e934       0xc8 ./Middlewares/Third_Party/FreeRTOS/Source/tasks.o
                0x0800e934                xTaskCheckForTimeOut
 .text.vTaskMissedYield
                0x0800e9fc       0x18 ./Middlewares/Third_Party/FreeRTOS/Source/tasks.o
                0x0800e9fc                vTaskMissedYield
 .text.prvIdleTask
                0x0800ea14       0x30 ./Middlewares/Third_Party/FreeRTOS/Source/tasks.o
 .text.prvInitialiseTaskLists
                0x0800ea44       0x80 ./Middlewares/Third_Party/FreeRTOS/Source/tasks.o
 .text.prvCheckTasksWaitingTermination
                0x0800eac4       0x5c ./Middlewares/Third_Party/FreeRTOS/Source/tasks.o
 .text.prvDeleteTCB
                0x0800eb20       0x6a ./Middlewares/Third_Party/FreeRTOS/Source/tasks.o
 *fill*         0x0800eb8a        0x2 
 .text.prvResetNextTaskUnblockTime
                0x0800eb8c       0x40 ./Middlewares/Third_Party/FreeRTOS/Source/tasks.o
 .text.xTaskGetSchedulerState
                0x0800ebcc       0x3c ./Middlewares/Third_Party/FreeRTOS/Source/tasks.o
                0x0800ebcc                xTaskGetSchedulerState
 .text.xTaskPriorityDisinherit
                0x0800ec08       0xe0 ./Middlewares/Third_Party/FreeRTOS/Source/tasks.o
                0x0800ec08                xTaskPriorityDisinherit
 .text.prvAddCurrentTaskToDelayedList
                0x0800ece8       0xa8 ./Middlewares/Third_Party/FreeRTOS/Source/tasks.o
 .text.xTimerCreateTimerTask
                0x0800ed90       0x94 ./Middlewares/Third_Party/FreeRTOS/Source/timers.o
                0x0800ed90                xTimerCreateTimerTask
 .text.xTimerGenericCommand
                0x0800ee24       0x9c ./Middlewares/Third_Party/FreeRTOS/Source/timers.o
                0x0800ee24                xTimerGenericCommand
 .text.prvProcessExpiredTimer
                0x0800eec0       0x9c ./Middlewares/Third_Party/FreeRTOS/Source/timers.o
 .text.prvTimerTask
                0x0800ef5c       0x26 ./Middlewares/Third_Party/FreeRTOS/Source/timers.o
 *fill*         0x0800ef82        0x2 
 .text.prvProcessTimerOrBlockTask
                0x0800ef84       0x9c ./Middlewares/Third_Party/FreeRTOS/Source/timers.o
 .text.prvGetNextExpireTime
                0x0800f020       0x48 ./Middlewares/Third_Party/FreeRTOS/Source/timers.o
 .text.prvSampleTimeNow
                0x0800f068       0x40 ./Middlewares/Third_Party/FreeRTOS/Source/timers.o
 .text.prvInsertTimerInActiveList
                0x0800f0a8       0x84 ./Middlewares/Third_Party/FreeRTOS/Source/timers.o
 .text.prvProcessReceivedCommands
                0x0800f12c      0x1cc ./Middlewares/Third_Party/FreeRTOS/Source/timers.o
 .text.prvSwitchTimerLists
                0x0800f2f8       0xcc ./Middlewares/Third_Party/FreeRTOS/Source/timers.o
 .text.prvCheckForValidListAndQueue
                0x0800f3c4       0x80 ./Middlewares/Third_Party/FreeRTOS/Source/timers.o
 .text.pxPortInitialiseStack
                0x0800f444       0x68 ./Middlewares/Third_Party/FreeRTOS/Source/portable/GCC/ARM_CM4F/port.o
                0x0800f444                pxPortInitialiseStack
 .text.prvTaskExitError
                0x0800f4ac       0x5c ./Middlewares/Third_Party/FreeRTOS/Source/portable/GCC/ARM_CM4F/port.o
 *fill*         0x0800f508        0x8 
 .text.SVC_Handler
                0x0800f510       0x28 ./Middlewares/Third_Party/FreeRTOS/Source/portable/GCC/ARM_CM4F/port.o
                0x0800f510                SVC_Handler
 .text.prvPortStartFirstTask
                0x0800f538       0x28 ./Middlewares/Third_Party/FreeRTOS/Source/portable/GCC/ARM_CM4F/port.o
 .text.xPortStartScheduler
                0x0800f560      0x148 ./Middlewares/Third_Party/FreeRTOS/Source/portable/GCC/ARM_CM4F/port.o
                0x0800f560                xPortStartScheduler
 .text.vPortEnterCritical
                0x0800f6a8       0x64 ./Middlewares/Third_Party/FreeRTOS/Source/portable/GCC/ARM_CM4F/port.o
                0x0800f6a8                vPortEnterCritical
 .text.vPortExitCritical
                0x0800f70c       0x54 ./Middlewares/Third_Party/FreeRTOS/Source/portable/GCC/ARM_CM4F/port.o
                0x0800f70c                vPortExitCritical
 .text.PendSV_Handler
                0x0800f760       0x68 ./Middlewares/Third_Party/FreeRTOS/Source/portable/GCC/ARM_CM4F/port.o
                0x0800f760                PendSV_Handler
 .text.xPortSysTickHandler
                0x0800f7c8       0x44 ./Middlewares/Third_Party/FreeRTOS/Source/portable/GCC/ARM_CM4F/port.o
                0x0800f7c8                xPortSysTickHandler
 .text.vPortSetupTimerInterrupt
                0x0800f80c       0x48 ./Middlewares/Third_Party/FreeRTOS/Source/portable/GCC/ARM_CM4F/port.o
                0x0800f80c                vPortSetupTimerInterrupt
 .text.vPortEnableVFP
                0x0800f854       0x14 ./Middlewares/Third_Party/FreeRTOS/Source/portable/GCC/ARM_CM4F/port.o
 .text.vPortValidateInterruptPriority
                0x0800f868       0x84 ./Middlewares/Third_Party/FreeRTOS/Source/portable/GCC/ARM_CM4F/port.o
                0x0800f868                vPortValidateInterruptPriority
 .text.pvPortMalloc
                0x0800f8ec      0x19c ./Middlewares/Third_Party/FreeRTOS/Source/portable/MemMang/heap_4.o
                0x0800f8ec                pvPortMalloc
 .text.vPortFree
                0x0800fa88       0xc8 ./Middlewares/Third_Party/FreeRTOS/Source/portable/MemMang/heap_4.o
                0x0800fa88                vPortFree
 .text.prvHeapInit
                0x0800fb50       0xc4 ./Middlewares/Third_Party/FreeRTOS/Source/portable/MemMang/heap_4.o
 .text.prvInsertBlockIntoFreeList
                0x0800fc14       0xb4 ./Middlewares/Third_Party/FreeRTOS/Source/portable/MemMang/heap_4.o
 .text.memset   0x0800fcc8       0x10 C:/ST/STM32CubeIDE_1.19.0/STM32CubeIDE/plugins/com.st.stm32cube.ide.mcu.externaltools.gnu-tools-for-stm32.13.3.rel1.win32_1.0.0.202411081344/tools/bin/../lib/gcc/arm-none-eabi/13.3.1/../../../../arm-none-eabi/lib/thumb/v7e-m+dp/hard\libc_nano.a(libc_a-memset.o)
                0x0800fcc8                memset
 .text._reclaim_reent
                0x0800fcd8       0xbc C:/ST/STM32CubeIDE_1.19.0/STM32CubeIDE/plugins/com.st.stm32cube.ide.mcu.externaltools.gnu-tools-for-stm32.13.3.rel1.win32_1.0.0.202411081344/tools/bin/../lib/gcc/arm-none-eabi/13.3.1/../../../../arm-none-eabi/lib/thumb/v7e-m+dp/hard\libc_nano.a(libc_a-reent.o)
                0x0800fcd8                _reclaim_reent
 .text.__libc_init_array
                0x0800fd94       0x48 C:/ST/STM32CubeIDE_1.19.0/STM32CubeIDE/plugins/com.st.stm32cube.ide.mcu.externaltools.gnu-tools-for-stm32.13.3.rel1.win32_1.0.0.202411081344/tools/bin/../lib/gcc/arm-none-eabi/13.3.1/../../../../arm-none-eabi/lib/thumb/v7e-m+dp/hard\libc_nano.a(libc_a-init.o)
                0x0800fd94                __libc_init_array
 .text.__retarget_lock_acquire_recursive
                0x0800fddc        0x2 C:/ST/STM32CubeIDE_1.19.0/STM32CubeIDE/plugins/com.st.stm32cube.ide.mcu.externaltools.gnu-tools-for-stm32.13.3.rel1.win32_1.0.0.202411081344/tools/bin/../lib/gcc/arm-none-eabi/13.3.1/../../../../arm-none-eabi/lib/thumb/v7e-m+dp/hard\libc_nano.a(libc_a-lock.o)
                0x0800fddc                __retarget_lock_acquire_recursive
 .text.__retarget_lock_release_recursive
                0x0800fdde        0x2 C:/ST/STM32CubeIDE_1.19.0/STM32CubeIDE/plugins/com.st.stm32cube.ide.mcu.externaltools.gnu-tools-for-stm32.13.3.rel1.win32_1.0.0.202411081344/tools/bin/../lib/gcc/arm-none-eabi/13.3.1/../../../../arm-none-eabi/lib/thumb/v7e-m+dp/hard\libc_nano.a(libc_a-lock.o)
                0x0800fdde                __retarget_lock_release_recursive
 .text.memcpy   0x0800fde0       0x1c C:/ST/STM32CubeIDE_1.19.0/STM32CubeIDE/plugins/com.st.stm32cube.ide.mcu.externaltools.gnu-tools-for-stm32.13.3.rel1.win32_1.0.0.202411081344/tools/bin/../lib/gcc/arm-none-eabi/13.3.1/../../../../arm-none-eabi/lib/thumb/v7e-m+dp/hard\libc_nano.a(libc_a-memcpy-stub.o)
                0x0800fde0                memcpy
 .text._free_r  0x0800fdfc       0x94 C:/ST/STM32CubeIDE_1.19.0/STM32CubeIDE/plugins/com.st.stm32cube.ide.mcu.externaltools.gnu-tools-for-stm32.13.3.rel1.win32_1.0.0.202411081344/tools/bin/../lib/gcc/arm-none-eabi/13.3.1/../../../../arm-none-eabi/lib/thumb/v7e-m+dp/hard\libc_nano.a(libc_a-freer.o)
                0x0800fdfc                _free_r
 .text.__malloc_lock
                0x0800fe90        0xc C:/ST/STM32CubeIDE_1.19.0/STM32CubeIDE/plugins/com.st.stm32cube.ide.mcu.externaltools.gnu-tools-for-stm32.13.3.rel1.win32_1.0.0.202411081344/tools/bin/../lib/gcc/arm-none-eabi/13.3.1/../../../../arm-none-eabi/lib/thumb/v7e-m+dp/hard\libc_nano.a(libc_a-mlock.o)
                0x0800fe90                __malloc_lock
 .text.__malloc_unlock
                0x0800fe9c        0xc C:/ST/STM32CubeIDE_1.19.0/STM32CubeIDE/plugins/com.st.stm32cube.ide.mcu.externaltools.gnu-tools-for-stm32.13.3.rel1.win32_1.0.0.202411081344/tools/bin/../lib/gcc/arm-none-eabi/13.3.1/../../../../arm-none-eabi/lib/thumb/v7e-m+dp/hard\libc_nano.a(libc_a-mlock.o)
                0x0800fe9c                __malloc_unlock
 *(.glue_7)
 .glue_7        0x0800fea8        0x0 linker stubs
 *(.glue_7t)
 .glue_7t       0x0800fea8        0x0 linker stubs
 *(.eh_frame)
 .eh_frame      0x0800fea8        0x0 C:/ST/STM32CubeIDE_1.19.0/STM32CubeIDE/plugins/com.st.stm32cube.ide.mcu.externaltools.gnu-tools-for-stm32.13.3.rel1.win32_1.0.0.202411081344/tools/bin/../lib/gcc/arm-none-eabi/13.3.1/thumb/v7e-m+dp/hard/crtbegin.o
 *(.init)
 .init          0x0800fea8        0x4 C:/ST/STM32CubeIDE_1.19.0/STM32CubeIDE/plugins/com.st.stm32cube.ide.mcu.externaltools.gnu-tools-for-stm32.13.3.rel1.win32_1.0.0.202411081344/tools/bin/../lib/gcc/arm-none-eabi/13.3.1/thumb/v7e-m+dp/hard/crti.o
                0x0800fea8                _init
 .init          0x0800feac        0x8 C:/ST/STM32CubeIDE_1.19.0/STM32CubeIDE/plugins/com.st.stm32cube.ide.mcu.externaltools.gnu-tools-for-stm32.13.3.rel1.win32_1.0.0.202411081344/tools/bin/../lib/gcc/arm-none-eabi/13.3.1/thumb/v7e-m+dp/hard/crtn.o
 *(.fini)
 .fini          0x0800feb4        0x4 C:/ST/STM32CubeIDE_1.19.0/STM32CubeIDE/plugins/com.st.stm32cube.ide.mcu.externaltools.gnu-tools-for-stm32.13.3.rel1.win32_1.0.0.202411081344/tools/bin/../lib/gcc/arm-none-eabi/13.3.1/thumb/v7e-m+dp/hard/crti.o
                0x0800feb4                _fini
 .fini          0x0800feb8        0x8 C:/ST/STM32CubeIDE_1.19.0/STM32CubeIDE/plugins/com.st.stm32cube.ide.mcu.externaltools.gnu-tools-for-stm32.13.3.rel1.win32_1.0.0.202411081344/tools/bin/../lib/gcc/arm-none-eabi/13.3.1/thumb/v7e-m+dp/hard/crtn.o
                0x0800fec0                        . = ALIGN (0x4)
                0x0800fec0                        _etext = .

.vfp11_veneer   0x0800fec0        0x0
 .vfp11_veneer  0x0800fec0        0x0 linker stubs

.v4_bx          0x0800fec0        0x0
 .v4_bx         0x0800fec0        0x0 linker stubs

.iplt           0x0800fec0        0x0
 .iplt          0x0800fec0        0x0 C:/ST/STM32CubeIDE_1.19.0/STM32CubeIDE/plugins/com.st.stm32cube.ide.mcu.externaltools.gnu-tools-for-stm32.13.3.rel1.win32_1.0.0.202411081344/tools/bin/../lib/gcc/arm-none-eabi/13.3.1/thumb/v7e-m+dp/hard/crtbegin.o

.rodata         0x0800fec0      0x164
                0x0800fec0                        . = ALIGN (0x4)
 *(.rodata)
 .rodata        0x0800fec0       0x2d ./Core/Src/main.o
 *fill*         0x0800feed        0x3 
 .rodata        0x0800fef0       0x4c ./Drivers/STM32H7xx_HAL_Driver/Src/stm32h7xx_hal_fdcan.o
 .rodata        0x0800ff3c        0x5 ./Middlewares/Third_Party/FreeRTOS/Source/tasks.o
 *fill*         0x0800ff41        0x3 
 .rodata        0x0800ff44        0xd ./Middlewares/Third_Party/FreeRTOS/Source/timers.o
 *(.rodata*)
 *fill*         0x0800ff51        0x3 
 .rodata.TaskManager_attributes
                0x0800ff54       0x24 ./Core/Src/main.o
                0x0800ff54                TaskManager_attributes
 .rodata.FastTask_attributes
                0x0800ff78       0x24 ./Core/Src/main.o
                0x0800ff78                FastTask_attributes
 .rodata.MediumTask_attributes
                0x0800ff9c       0x24 ./Core/Src/main.o
                0x0800ff9c                MediumTask_attributes
 .rodata.SlowTask_attributes
                0x0800ffc0       0x24 ./Core/Src/main.o
                0x0800ffc0                SlowTask_attributes
 .rodata.D1CorePrescTable
                0x0800ffe4       0x10 ./Core/Src/system_stm32h7xx.o
                0x0800ffe4                D1CorePrescTable
 .rodata.flagBitshiftOffset.0
                0x0800fff4        0x8 ./Drivers/STM32H7xx_HAL_Driver/Src/stm32h7xx_hal_dma.o
 .rodata.UARTPrescTable
                0x0800fffc       0x18 ./Drivers/STM32H7xx_HAL_Driver/Src/stm32h7xx_hal_uart.o
                0x0800fffc                UARTPrescTable
 .rodata.numerator.1
                0x08010014        0x8 ./Drivers/STM32H7xx_HAL_Driver/Src/stm32h7xx_hal_uart_ex.o
 .rodata.denominator.0
                0x0801001c        0x8 ./Drivers/STM32H7xx_HAL_Driver/Src/stm32h7xx_hal_uart_ex.o
                0x08010024                        . = ALIGN (0x4)

.ARM.extab
 *(.ARM.extab* .gnu.linkonce.armextab.*)

.ARM            0x08010024        0x8
                0x08010024                        __exidx_start = .
 *(.ARM.exidx*)
 .ARM.exidx     0x08010024        0x8 C:/ST/STM32CubeIDE_1.19.0/STM32CubeIDE/plugins/com.st.stm32cube.ide.mcu.externaltools.gnu-tools-for-stm32.13.3.rel1.win32_1.0.0.202411081344/tools/bin/../lib/gcc/arm-none-eabi/13.3.1/thumb/v7e-m+dp/hard\libgcc.a(_udivmoddi4.o)
                0x0801002c                        __exidx_end = .

.preinit_array  0x0801002c        0x0
                0x0801002c                        PROVIDE (__preinit_array_start = .)
 *(.preinit_array*)
                0x0801002c                        PROVIDE (__preinit_array_end = .)

.init_array     0x0801002c        0x4
                0x0801002c                        PROVIDE (__init_array_start = .)
 *(SORT_BY_NAME(.init_array.*))
 *(.init_array*)
 .init_array    0x0801002c        0x4 C:/ST/STM32CubeIDE_1.19.0/STM32CubeIDE/plugins/com.st.stm32cube.ide.mcu.externaltools.gnu-tools-for-stm32.13.3.rel1.win32_1.0.0.202411081344/tools/bin/../lib/gcc/arm-none-eabi/13.3.1/thumb/v7e-m+dp/hard/crtbegin.o
                0x08010030                        PROVIDE (__init_array_end = .)

.fini_array     0x08010030        0x4
                [!provide]                        PROVIDE (__fini_array_start = .)
 *(SORT_BY_NAME(.fini_array.*))
 *(.fini_array*)
 .fini_array    0x08010030        0x4 C:/ST/STM32CubeIDE_1.19.0/STM32CubeIDE/plugins/com.st.stm32cube.ide.mcu.externaltools.gnu-tools-for-stm32.13.3.rel1.win32_1.0.0.202411081344/tools/bin/../lib/gcc/arm-none-eabi/13.3.1/thumb/v7e-m+dp/hard/crtbegin.o
                [!provide]                        PROVIDE (__fini_array_end = .)
                0x08010034                        _sidata = LOADADDR (.data)

.rel.dyn        0x08010034        0x0
 .rel.iplt      0x08010034        0x0 C:/ST/STM32CubeIDE_1.19.0/STM32CubeIDE/plugins/com.st.stm32cube.ide.mcu.externaltools.gnu-tools-for-stm32.13.3.rel1.win32_1.0.0.202411081344/tools/bin/../lib/gcc/arm-none-eabi/13.3.1/thumb/v7e-m+dp/hard/crtbegin.o

.data           0x24000000      0x160 load address 0x08010034
                0x24000000                        . = ALIGN (0x4)
                0x24000000                        _sdata = .
 *(.data)
 *(.data*)
 .data.SystemCoreClock
                0x24000000        0x4 ./Core/Src/system_stm32h7xx.o
                0x24000000                SystemCoreClock
 .data.SystemD2Clock
                0x24000004        0x4 ./Core/Src/system_stm32h7xx.o
                0x24000004                SystemD2Clock
 .data.pack_current
                0x24000008       0x28 ./Core/config/acu_lv_config.o
                0x24000008                pack_current
 .data.accu_voltage
                0x24000030       0x28 ./Core/config/acu_lv_config.o
                0x24000030                accu_voltage
 .data.ts_voltage
                0x24000058       0x28 ./Core/config/acu_lv_config.o
                0x24000058                ts_voltage
 .data.adc_2_context
                0x24000080       0x10 ./Core/config/acu_lv_config.o
                0x24000080                adc_2_context
 .data.adc_2_hw
                0x24000090        0x8 ./Core/config/acu_lv_config.o
                0x24000090                adc_2_hw
 .data.adc_3_context
                0x24000098       0x10 ./Core/config/acu_lv_config.o
                0x24000098                adc_3_context
 .data.adc_3_hw
                0x240000a8        0x8 ./Core/config/acu_lv_config.o
                0x240000a8                adc_3_hw
 .data.air      0x240000b0       0x20 ./Core/config/acu_lv_config.o
                0x240000b0                air
 .data.imd      0x240000d0       0x1c ./Core/config/acu_lv_config.o
                0x240000d0                imd
 .data.blue_led
                0x240000ec        0x8 ./Core/config/acu_lv_config.o
                0x240000ec                blue_led
 .data.green_led
                0x240000f4        0x8 ./Core/config/acu_lv_config.o
                0x240000f4                green_led
 .data.red_led  0x240000fc        0x8 ./Core/config/acu_lv_config.o
                0x240000fc                red_led
 .data.uwTickPrio
                0x24000104        0x4 ./Drivers/STM32H7xx_HAL_Driver/Src/stm32h7xx_hal.o
                0x24000104                uwTickPrio
 .data.uwTickFreq
                0x24000108        0x1 ./Drivers/STM32H7xx_HAL_Driver/Src/stm32h7xx_hal.o
                0x24000108                uwTickFreq
 *fill*         0x24000109        0x3 
 .data.uxCriticalNesting
                0x2400010c        0x4 ./Middlewares/Third_Party/FreeRTOS/Source/portable/GCC/ARM_CM4F/port.o
 .data._impure_ptr
                0x24000110        0x4 C:/ST/STM32CubeIDE_1.19.0/STM32CubeIDE/plugins/com.st.stm32cube.ide.mcu.externaltools.gnu-tools-for-stm32.13.3.rel1.win32_1.0.0.202411081344/tools/bin/../lib/gcc/arm-none-eabi/13.3.1/../../../../arm-none-eabi/lib/thumb/v7e-m+dp/hard\libc_nano.a(libc_a-impure.o)
                0x24000110                _impure_ptr
 .data._impure_data
                0x24000114       0x4c C:/ST/STM32CubeIDE_1.19.0/STM32CubeIDE/plugins/com.st.stm32cube.ide.mcu.externaltools.gnu-tools-for-stm32.13.3.rel1.win32_1.0.0.202411081344/tools/bin/../lib/gcc/arm-none-eabi/13.3.1/../../../../arm-none-eabi/lib/thumb/v7e-m+dp/hard\libc_nano.a(libc_a-impure.o)
                0x24000114                _impure_data
 *(.RamFunc)
 *(.RamFunc*)
                0x24000160                        . = ALIGN (0x4)
                0x24000160                        _edata = .

.igot.plt       0x24000160        0x0 load address 0x08010194
 .igot.plt      0x24000160        0x0 C:/ST/STM32CubeIDE_1.19.0/STM32CubeIDE/plugins/com.st.stm32cube.ide.mcu.externaltools.gnu-tools-for-stm32.13.3.rel1.win32_1.0.0.202411081344/tools/bin/../lib/gcc/arm-none-eabi/13.3.1/thumb/v7e-m+dp/hard/crtbegin.o
                0x24000160                        . = ALIGN (0x4)

.bss            0x24000160     0x535c load address 0x08010194
                0x24000160                        _sbss = .
                0x24000160                        __bss_start__ = _sbss
 *(.bss)
 .bss           0x24000160       0x1c C:/ST/STM32CubeIDE_1.19.0/STM32CubeIDE/plugins/com.st.stm32cube.ide.mcu.externaltools.gnu-tools-for-stm32.13.3.rel1.win32_1.0.0.202411081344/tools/bin/../lib/gcc/arm-none-eabi/13.3.1/thumb/v7e-m+dp/hard/crtbegin.o
 *(.bss*)
 .bss.hadc2     0x2400017c       0x64 ./Core/Src/main.o
                0x2400017c                hadc2
 .bss.hadc3     0x240001e0       0x64 ./Core/Src/main.o
                0x240001e0                hadc3
 .bss.hdma_adc2
                0x24000244       0x78 ./Core/Src/main.o
                0x24000244                hdma_adc2
 .bss.hdma_adc3
                0x240002bc       0x78 ./Core/Src/main.o
                0x240002bc                hdma_adc3
 .bss.hdfsdm1_filter0
                0x24000334       0x54 ./Core/Src/main.o
                0x24000334                hdfsdm1_filter0
 .bss.hdfsdm1_filter1
                0x24000388       0x54 ./Core/Src/main.o
                0x24000388                hdfsdm1_filter1
 .bss.hdfsdm1_filter2
                0x240003dc       0x54 ./Core/Src/main.o
                0x240003dc                hdfsdm1_filter2
 .bss.hdfsdm1_channel2
                0x24000430       0x38 ./Core/Src/main.o
                0x24000430                hdfsdm1_channel2
 .bss.hdfsdm1_channel4
                0x24000468       0x38 ./Core/Src/main.o
                0x24000468                hdfsdm1_channel4
 .bss.hdfsdm1_channel6
                0x240004a0       0x38 ./Core/Src/main.o
                0x240004a0                hdfsdm1_channel6
 .bss.hdma_dfsdm1_flt0
                0x240004d8       0x78 ./Core/Src/main.o
                0x240004d8                hdma_dfsdm1_flt0
 .bss.hdma_dfsdm1_flt1
                0x24000550       0x78 ./Core/Src/main.o
                0x24000550                hdma_dfsdm1_flt1
 .bss.hdma_dfsdm1_flt2
                0x240005c8       0x78 ./Core/Src/main.o
                0x240005c8                hdma_dfsdm1_flt2
 .bss.hfdcan2   0x24000640       0xa0 ./Core/Src/main.o
                0x24000640                hfdcan2
 .bss.hspi2     0x240006e0       0x88 ./Core/Src/main.o
                0x240006e0                hspi2
 .bss.hspi5     0x24000768       0x88 ./Core/Src/main.o
                0x24000768                hspi5
 .bss.htim2     0x240007f0       0x4c ./Core/Src/main.o
                0x240007f0                htim2
 .bss.huart4    0x2400083c       0x94 ./Core/Src/main.o
                0x2400083c                huart4
 .bss.TaskManagerHandle
                0x240008d0        0x4 ./Core/Src/main.o
                0x240008d0                TaskManagerHandle
 .bss.FastTaskHandle
                0x240008d4        0x4 ./Core/Src/main.o
                0x240008d4                FastTaskHandle
 .bss.MediumTaskHandle
                0x240008d8        0x4 ./Core/Src/main.o
                0x240008d8                MediumTaskHandle
 .bss.SlowTaskHandle
                0x240008dc        0x4 ./Core/Src/main.o
                0x240008dc                SlowTaskHandle
 .bss.HAL_RCC_DFSDM1_CLK_ENABLED
                0x240008e0        0x4 ./Core/Src/stm32h7xx_hal_msp.o
 .bss.DFSDM1_Init
                0x240008e4        0x4 ./Core/Src/stm32h7xx_hal_msp.o
 .bss.htim1     0x240008e8       0x4c ./Core/Src/stm32h7xx_hal_timebase_tim.o
                0x240008e8                htim1
 .bss.g_current_state
                0x24000934        0x1 ./Core/application/acu_lv_app_state_manager.o
 .bss.g_previous_state
                0x24000935        0x1 ./Core/application/acu_lv_app_state_manager.o
 *fill*         0x24000936        0x2 
 .bss.next_wake
                0x24000938        0x4 ./Core/application/tasks/fast_task.o
 .bss.next_wake
                0x2400093c        0x4 ./Core/application/tasks/medium_task.o
 .bss.next_wake
                0x24000940        0x4 ./Core/application/tasks/slow_task.o
 .bss.next_wake
                0x24000944        0x4 ./Core/application/tasks/task_manager.o
 .bss.g_shunt_data_float
                0x24000948        0x4 ./Core/config/acu_lv_config.o
                0x24000948                g_shunt_data_float
 .bss.g_shunt_data_raw
                0x2400094c        0x4 ./Core/config/acu_lv_config.o
                0x2400094c                g_shunt_data_raw
 .bss.g_accu_voltage_float
                0x24000950        0x4 ./Core/config/acu_lv_config.o
                0x24000950                g_accu_voltage_float
 .bss.g_accu_voltage_raw
                0x24000954        0x4 ./Core/config/acu_lv_config.o
                0x24000954                g_accu_voltage_raw
 .bss.g_ts_data_float
                0x24000958        0x4 ./Core/config/acu_lv_config.o
                0x24000958                g_ts_data_float
 .bss.g_ts_data_raw
                0x2400095c        0x4 ./Core/config/acu_lv_config.o
                0x2400095c                g_ts_data_raw
 .bss.g_adc_2_dma_buffer
                0x24000960        0x4 ./Core/config/acu_lv_config.o
                0x24000960                g_adc_2_dma_buffer
 .bss.g_adc_3_dma_buffer
                0x24000964        0x8 ./Core/config/acu_lv_config.o
                0x24000964                g_adc_3_dma_buffer
 .bss.uwTick    0x2400096c        0x4 ./Drivers/STM32H7xx_HAL_Driver/Src/stm32h7xx_hal.o
                0x2400096c                uwTick
 .bss.v_dfsdm1ChannelCounter
                0x24000970        0x4 ./Drivers/STM32H7xx_HAL_Driver/Src/stm32h7xx_hal_dfsdm.o
 .bss.a_dfsdm1ChannelHandle
                0x24000974       0x20 ./Drivers/STM32H7xx_HAL_Driver/Src/stm32h7xx_hal_dfsdm.o
 .bss.KernelState
                0x24000994        0x4 ./Middlewares/Third_Party/FreeRTOS/Source/CMSIS_RTOS_V2/cmsis_os2.o
 .bss.Idle_TCB.3
                0x24000998       0xa8 ./Middlewares/Third_Party/FreeRTOS/Source/CMSIS_RTOS_V2/cmsis_os2.o
 .bss.Idle_Stack.2
                0x24000a40      0x200 ./Middlewares/Third_Party/FreeRTOS/Source/CMSIS_RTOS_V2/cmsis_os2.o
 .bss.Timer_TCB.1
                0x24000c40       0xa8 ./Middlewares/Third_Party/FreeRTOS/Source/CMSIS_RTOS_V2/cmsis_os2.o
 .bss.Timer_Stack.0
                0x24000ce8      0x400 ./Middlewares/Third_Party/FreeRTOS/Source/CMSIS_RTOS_V2/cmsis_os2.o
 .bss.xQueueRegistry
                0x240010e8       0x40 ./Middlewares/Third_Party/FreeRTOS/Source/queue.o
                0x240010e8                xQueueRegistry
 .bss.pxCurrentTCB
                0x24001128        0x4 ./Middlewares/Third_Party/FreeRTOS/Source/tasks.o
                0x24001128                pxCurrentTCB
 .bss.pxReadyTasksLists
                0x2400112c      0x460 ./Middlewares/Third_Party/FreeRTOS/Source/tasks.o
 .bss.xDelayedTaskList1
                0x2400158c       0x14 ./Middlewares/Third_Party/FreeRTOS/Source/tasks.o
 .bss.xDelayedTaskList2
                0x240015a0       0x14 ./Middlewares/Third_Party/FreeRTOS/Source/tasks.o
 .bss.pxDelayedTaskList
                0x240015b4        0x4 ./Middlewares/Third_Party/FreeRTOS/Source/tasks.o
 .bss.pxOverflowDelayedTaskList
                0x240015b8        0x4 ./Middlewares/Third_Party/FreeRTOS/Source/tasks.o
 .bss.xPendingReadyList
                0x240015bc       0x14 ./Middlewares/Third_Party/FreeRTOS/Source/tasks.o
 .bss.xTasksWaitingTermination
                0x240015d0       0x14 ./Middlewares/Third_Party/FreeRTOS/Source/tasks.o
 .bss.uxDeletedTasksWaitingCleanUp
                0x240015e4        0x4 ./Middlewares/Third_Party/FreeRTOS/Source/tasks.o
 .bss.xSuspendedTaskList
                0x240015e8       0x14 ./Middlewares/Third_Party/FreeRTOS/Source/tasks.o
 .bss.uxCurrentNumberOfTasks
                0x240015fc        0x4 ./Middlewares/Third_Party/FreeRTOS/Source/tasks.o
 .bss.xTickCount
                0x24001600        0x4 ./Middlewares/Third_Party/FreeRTOS/Source/tasks.o
 .bss.uxTopReadyPriority
                0x24001604        0x4 ./Middlewares/Third_Party/FreeRTOS/Source/tasks.o
 .bss.xSchedulerRunning
                0x24001608        0x4 ./Middlewares/Third_Party/FreeRTOS/Source/tasks.o
 .bss.xPendedTicks
                0x2400160c        0x4 ./Middlewares/Third_Party/FreeRTOS/Source/tasks.o
 .bss.xYieldPending
                0x24001610        0x4 ./Middlewares/Third_Party/FreeRTOS/Source/tasks.o
 .bss.xNumOfOverflows
                0x24001614        0x4 ./Middlewares/Third_Party/FreeRTOS/Source/tasks.o
 .bss.uxTaskNumber
                0x24001618        0x4 ./Middlewares/Third_Party/FreeRTOS/Source/tasks.o
 .bss.xNextTaskUnblockTime
                0x2400161c        0x4 ./Middlewares/Third_Party/FreeRTOS/Source/tasks.o
 .bss.xIdleTaskHandle
                0x24001620        0x4 ./Middlewares/Third_Party/FreeRTOS/Source/tasks.o
 .bss.uxSchedulerSuspended
                0x24001624        0x4 ./Middlewares/Third_Party/FreeRTOS/Source/tasks.o
 .bss.xActiveTimerList1
                0x24001628       0x14 ./Middlewares/Third_Party/FreeRTOS/Source/timers.o
 .bss.xActiveTimerList2
                0x2400163c       0x14 ./Middlewares/Third_Party/FreeRTOS/Source/timers.o
 .bss.pxCurrentTimerList
                0x24001650        0x4 ./Middlewares/Third_Party/FreeRTOS/Source/timers.o
 .bss.pxOverflowTimerList
                0x24001654        0x4 ./Middlewares/Third_Party/FreeRTOS/Source/timers.o
 .bss.xTimerQueue
                0x24001658        0x4 ./Middlewares/Third_Party/FreeRTOS/Source/timers.o
 .bss.xTimerTaskHandle
                0x2400165c        0x4 ./Middlewares/Third_Party/FreeRTOS/Source/timers.o
 .bss.xLastTime.2
                0x24001660        0x4 ./Middlewares/Third_Party/FreeRTOS/Source/timers.o
 .bss.ucStaticTimerQueueStorage.1
                0x24001664       0xa0 ./Middlewares/Third_Party/FreeRTOS/Source/timers.o
 .bss.xStaticTimerQueue.0
                0x24001704       0x50 ./Middlewares/Third_Party/FreeRTOS/Source/timers.o
 .bss.ucMaxSysCallPriority
                0x24001754        0x1 ./Middlewares/Third_Party/FreeRTOS/Source/portable/GCC/ARM_CM4F/port.o
 *fill*         0x24001755        0x3 
 .bss.ulMaxPRIGROUPValue
                0x24001758        0x4 ./Middlewares/Third_Party/FreeRTOS/Source/portable/GCC/ARM_CM4F/port.o
 .bss.ucHeap    0x2400175c     0x3c00 ./Middlewares/Third_Party/FreeRTOS/Source/portable/MemMang/heap_4.o
 .bss.xStart    0x2400535c        0x8 ./Middlewares/Third_Party/FreeRTOS/Source/portable/MemMang/heap_4.o
 .bss.pxEnd     0x24005364        0x4 ./Middlewares/Third_Party/FreeRTOS/Source/portable/MemMang/heap_4.o
 .bss.xFreeBytesRemaining
                0x24005368        0x4 ./Middlewares/Third_Party/FreeRTOS/Source/portable/MemMang/heap_4.o
 .bss.xMinimumEverFreeBytesRemaining
                0x2400536c        0x4 ./Middlewares/Third_Party/FreeRTOS/Source/portable/MemMang/heap_4.o
 .bss.xNumberOfSuccessfulAllocations
                0x24005370        0x4 ./Middlewares/Third_Party/FreeRTOS/Source/portable/MemMang/heap_4.o
 .bss.xNumberOfSuccessfulFrees
                0x24005374        0x4 ./Middlewares/Third_Party/FreeRTOS/Source/portable/MemMang/heap_4.o
 .bss.xBlockAllocatedBit
                0x24005378        0x4 ./Middlewares/Third_Party/FreeRTOS/Source/portable/MemMang/heap_4.o
 .bss.__sf      0x2400537c      0x138 C:/ST/STM32CubeIDE_1.19.0/STM32CubeIDE/plugins/com.st.stm32cube.ide.mcu.externaltools.gnu-tools-for-stm32.13.3.rel1.win32_1.0.0.202411081344/tools/bin/../lib/gcc/arm-none-eabi/13.3.1/../../../../arm-none-eabi/lib/thumb/v7e-m+dp/hard\libc_nano.a(libc_a-findfp.o)
                0x2400537c                __sf
 .bss.__lock___malloc_recursive_mutex
                0x240054b4        0x1 C:/ST/STM32CubeIDE_1.19.0/STM32CubeIDE/plugins/com.st.stm32cube.ide.mcu.externaltools.gnu-tools-for-stm32.13.3.rel1.win32_1.0.0.202411081344/tools/bin/../lib/gcc/arm-none-eabi/13.3.1/../../../../arm-none-eabi/lib/thumb/v7e-m+dp/hard\libc_nano.a(libc_a-lock.o)
                0x240054b4                __lock___malloc_recursive_mutex
 *fill*         0x240054b5        0x3 
 .bss.__malloc_free_list
                0x240054b8        0x4 C:/ST/STM32CubeIDE_1.19.0/STM32CubeIDE/plugins/com.st.stm32cube.ide.mcu.externaltools.gnu-tools-for-stm32.13.3.rel1.win32_1.0.0.202411081344/tools/bin/../lib/gcc/arm-none-eabi/13.3.1/../../../../arm-none-eabi/lib/thumb/v7e-m+dp/hard\libc_nano.a(libc_a-mallocr.o)
                0x240054b8                __malloc_free_list
 *(COMMON)
                0x240054bc                        . = ALIGN (0x4)
                0x240054bc                        _ebss = .
                0x240054bc                        __bss_end__ = _ebss

._user_heap_stack
                0x240054bc      0x604 load address 0x08010194
                0x240054c0                        . = ALIGN (0x8)
 *fill*         0x240054bc        0x4 
                [!provide]                        PROVIDE (end = .)
                0x240054c0                        PROVIDE (_end = .)
                0x240056c0                        . = (. + _Min_Heap_Size)
 *fill*         0x240054c0      0x200 
                0x24005ac0                        . = (. + _Min_Stack_Size)
 *fill*         0x240056c0      0x400 
                0x24005ac0                        . = ALIGN (0x8)

/DISCARD/
 libc.a(*)
 libm.a(*)
 libgcc.a(*)

.ARM.attributes
                0x00000000       0x2e
 *(.ARM.attributes)
 .ARM.attributes
                0x00000000       0x20 C:/ST/STM32CubeIDE_1.19.0/STM32CubeIDE/plugins/com.st.stm32cube.ide.mcu.externaltools.gnu-tools-for-stm32.13.3.rel1.win32_1.0.0.202411081344/tools/bin/../lib/gcc/arm-none-eabi/13.3.1/thumb/v7e-m+dp/hard/crti.o
 .ARM.attributes
                0x00000020       0x32 C:/ST/STM32CubeIDE_1.19.0/STM32CubeIDE/plugins/com.st.stm32cube.ide.mcu.externaltools.gnu-tools-for-stm32.13.3.rel1.win32_1.0.0.202411081344/tools/bin/../lib/gcc/arm-none-eabi/13.3.1/thumb/v7e-m+dp/hard/crtbegin.o
 .ARM.attributes
                0x00000052       0x32 ./Core/Src/main.o
 .ARM.attributes
                0x00000084       0x32 ./Core/Src/stm32h7xx_hal_msp.o
 .ARM.attributes
                0x000000b6       0x32 ./Core/Src/stm32h7xx_hal_timebase_tim.o
 .ARM.attributes
                0x000000e8       0x32 ./Core/Src/stm32h7xx_it.o
 .ARM.attributes
                0x0000011a       0x32 ./Core/Src/system_stm32h7xx.o
 .ARM.attributes
                0x0000014c       0x21 ./Core/Startup/startup_stm32h753xihx.o
 .ARM.attributes
                0x0000016d       0x32 ./Core/application/acu_lv_app_state_manager.o
 .ARM.attributes
                0x0000019f       0x32 ./Core/application/tasks/fast_task.o
 .ARM.attributes
                0x000001d1       0x32 ./Core/application/tasks/medium_task.o
 .ARM.attributes
                0x00000203       0x32 ./Core/application/tasks/slow_task.o
 .ARM.attributes
                0x00000235       0x32 ./Core/application/tasks/task_manager.o
 .ARM.attributes
                0x00000267       0x32 ./Core/config/acu_lv_config.o
 .ARM.attributes
                0x00000299       0x32 ./Core/driver/acu_lv_drv_air.o
 .ARM.attributes
                0x000002cb       0x32 ./Core/driver/acu_lv_drv_analog.o
 .ARM.attributes
                0x000002fd       0x32 ./Core/driver/acu_lv_drv_dfsdm.o
 .ARM.attributes
                0x0000032f       0x32 ./Core/driver/acu_lv_drv_imd.o
 .ARM.attributes
                0x00000361       0x32 ./Core/service/acu_lv_svc_accu.o
 .ARM.attributes
                0x00000393       0x32 ./Core/service/acu_lv_svc_air.o
 .ARM.attributes
                0x000003c5       0x32 ./Core/service/acu_lv_svc_shunt.o
 .ARM.attributes
                0x000003f7       0x32 ./Core/service/acu_lv_svc_ts.o
 .ARM.attributes
                0x00000429       0x32 ./Drivers/STM32H7xx_HAL_Driver/Src/stm32h7xx_hal.o
 .ARM.attributes
                0x0000045b       0x32 ./Drivers/STM32H7xx_HAL_Driver/Src/stm32h7xx_hal_adc.o
 .ARM.attributes
                0x0000048d       0x32 ./Drivers/STM32H7xx_HAL_Driver/Src/stm32h7xx_hal_adc_ex.o
 .ARM.attributes
                0x000004bf       0x32 ./Drivers/STM32H7xx_HAL_Driver/Src/stm32h7xx_hal_cortex.o
 .ARM.attributes
                0x000004f1       0x32 ./Drivers/STM32H7xx_HAL_Driver/Src/stm32h7xx_hal_dfsdm.o
 .ARM.attributes
                0x00000523       0x32 ./Drivers/STM32H7xx_HAL_Driver/Src/stm32h7xx_hal_dma.o
 .ARM.attributes
                0x00000555       0x32 ./Drivers/STM32H7xx_HAL_Driver/Src/stm32h7xx_hal_fdcan.o
 .ARM.attributes
                0x00000587       0x32 ./Drivers/STM32H7xx_HAL_Driver/Src/stm32h7xx_hal_gpio.o
 .ARM.attributes
                0x000005b9       0x32 ./Drivers/STM32H7xx_HAL_Driver/Src/stm32h7xx_hal_pwr_ex.o
 .ARM.attributes
                0x000005eb       0x32 ./Drivers/STM32H7xx_HAL_Driver/Src/stm32h7xx_hal_rcc.o
 .ARM.attributes