../Core/service/acu_lv/acu_lv_svc_accu.c:15:17:acu_lv_svc_update_accu_voltage	8	static
../Core/service/acu_lv/acu_lv_svc_accu.c:29:7:acu_lv_svc_get_accu_voltage	4	static
../Core/service/acu_lv/acu_lv_svc_accu.c:34:7:acu_lv_svc_get_accu_min	4	static
../Core/service/acu_lv/acu_lv_svc_accu.c:39:7:acu_lv_svc_get_accu_max	4	static
../Core/service/acu_lv/acu_lv_svc_accu.c:44:17:acu_lv_svc_start_accu_filter	16	static
../Core/service/acu_lv/acu_lv_svc_accu.c:55:17:acu_lv_svc_stop_accu_filter	16	static
../Core/service/acu_lv/acu_lv_svc_accu.c:67:10:acu_lv_svc_check_accu_voltage	16	static
