../Core/Src/main.c:147:5:main	1
../Core/Src/main.c:256:6:SystemClock_Config	4
../Core/Src/main.c:314:6:PeriphCommonClock_Config	2
../Core/Src/main.c:341:13:MX_ADC2_Init	4
../Core/Src/main.c:410:13:MX_ADC3_Init	6
../Core/Src/main.c:497:13:MX_DFSDM1_Init	10
../Core/Src/main.c:614:13:MX_FDCAN2_Init	2
../Core/Src/main.c:667:13:MX_SPI2_Init	2
../Core/Src/main.c:715:13:MX_SPI5_Init	2
../Core/Src/main.c:763:13:MX_TIM2_Init	4
../Core/Src/main.c:811:13:MX_TIM3_Init	4
../Core/Src/main.c:856:13:MX_UART4_Init	5
../Core/Src/main.c:902:13:MX_BDMA_Init	1
../Core/Src/main.c:918:13:MX_DMA_Init	1
../Core/Src/main.c:945:13:MX_GPIO_Init	1
../Core/Src/main.c:1077:6:HAL_ADC_ConvCpltCallback	1
../Core/Src/main.c:1090:6:startTaskManager	1
../Core/Src/main.c:1109:6:StartFastTask	1
../Core/Src/main.c:1128:6:StartMediumTask	1
../Core/Src/main.c:1147:6:StartSlowTask	1
../Core/Src/main.c:1166:6:StartCanTask	1
../Core/Src/main.c:1179:6:MPU_Config	1
../Core/Src/main.c:1214:6:HAL_TIM_PeriodElapsedCallback	3
../Core/Src/main.c:1235:6:Error_Handler	1
