../Core/Src/main.c:179:5:main	1
../Core/Src/main.c:321:6:SystemClock_Config	4
../Core/Src/main.c:379:6:PeriphCommonClock_Config	2
../Core/Src/main.c:407:13:MX_ADC2_Init	4
../Core/Src/main.c:476:13:MX_ADC3_Init	6
../Core/Src/main.c:563:13:MX_DFSDM1_Init	10
../Core/Src/main.c:680:13:MX_FDCAN2_Init	2
../Core/Src/main.c:733:13:MX_SPI2_Init	2
../Core/Src/main.c:781:13:MX_SPI5_Init	2
../Core/Src/main.c:829:13:MX_TIM2_Init	4
../Core/Src/main.c:877:13:MX_TIM3_Init	4
../Core/Src/main.c:922:13:MX_UART4_Init	5
../Core/Src/main.c:968:13:MX_BDMA_Init	1
../Core/Src/main.c:984:13:MX_DMA_Init	1
../Core/Src/main.c:1011:13:MX_GPIO_Init	1
../Core/Src/main.c:1143:6:HAL_ADC_ConvCpltCallback	1
../Core/Src/main.c:1156:6:startTaskManager	1
../Core/Src/main.c:1175:6:StartFastTask	1
../Core/Src/main.c:1194:6:StartMediumTask	1
../Core/Src/main.c:1213:6:StartSlowTask	1
../Core/Src/main.c:1232:6:StartCanTask	1
../Core/Src/main.c:1251:6:StartCanRx	1
../Core/Src/main.c:1265:6:MPU_Config	1
../Core/Src/main.c:1300:6:HAL_TIM_PeriodElapsedCallback	3
../Core/Src/main.c:1321:6:Error_Handler	1
