../Core/Src/main.c:133:5:main	8	static
../Core/Src/main.c:237:6:SystemClock_Config	120	static
../Core/Src/main.c:295:6:PeriphCommonClock_Config	200	static
../Core/Src/main.c:322:13:MX_ADC2_Init	40	static
../Core/Src/main.c:391:13:MX_ADC3_Init	40	static
../Core/Src/main.c:478:13:MX_DFSDM1_Init	8	static
../Core/Src/main.c:595:13:MX_FDCAN2_Init	8	static
../Core/Src/main.c:648:13:MX_SPI2_Init	8	static
../Core/Src/main.c:696:13:MX_SPI5_Init	8	static
../Core/Src/main.c:744:13:MX_TIM2_Init	40	static
../Core/Src/main.c:792:13:MX_UART4_Init	8	static
../Core/Src/main.c:838:13:MX_DMA_Init	16	static
../Core/Src/main.c:862:13:MX_GPIO_Init	72	static
../Core/Src/main.c:1004:6:startTaskManager	16	static
../Core/Src/main.c:1023:6:StartFastTask	16	static
../Core/Src/main.c:1042:6:StartMediumTask	16	static
../Core/Src/main.c:1061:6:StartSlowTask	16	static
../Core/Src/main.c:1075:6:MPU_Config	24	static
../Core/Src/main.c:1110:6:HAL_TIM_PeriodElapsedCallback	16	static
../Core/Src/main.c:1128:6:Error_Handler	4	static,ignoring_inline_asm
