../Core/Src/main.c:136:5:main	8	static
../Core/Src/main.c:241:6:SystemClock_Config	120	static
../Core/Src/main.c:299:6:PeriphCommonClock_Config	200	static
../Core/Src/main.c:326:13:MX_ADC2_Init	40	static
../Core/Src/main.c:395:13:MX_ADC3_Init	40	static
../Core/Src/main.c:482:13:MX_DFSDM1_Init	8	static
../Core/Src/main.c:599:13:MX_FDCAN2_Init	8	static
../Core/Src/main.c:652:13:MX_SPI2_Init	8	static
../Core/Src/main.c:700:13:MX_SPI5_Init	8	static
../Core/Src/main.c:748:13:MX_TIM2_Init	40	static
../Core/Src/main.c:796:13:MX_UART4_Init	8	static
../Core/Src/main.c:842:13:MX_BDMA_Init	16	static
../Core/Src/main.c:858:13:MX_DMA_Init	16	static
../Core/Src/main.c:885:13:MX_GPIO_Init	72	static
../Core/Src/main.c:1027:6:startTaskManager	16	static
../Core/Src/main.c:1046:6:StartFastTask	16	static
../Core/Src/main.c:1065:6:StartMediumTask	16	static
../Core/Src/main.c:1084:6:StartSlowTask	16	static
../Core/Src/main.c:1098:6:MPU_Config	24	static
../Core/Src/main.c:1133:6:HAL_TIM_PeriodElapsedCallback	16	static
../Core/Src/main.c:1151:6:Error_Handler	4	static,ignoring_inline_asm
