../Core/Src/stm32h7xx_hal_msp.c:72:6:HAL_MspInit	16	static
../Core/Src/stm32h7xx_hal_msp.c:96:6:HAL_ADC_MspInit	56	static
../Core/Src/stm32h7xx_hal_msp.c:197:6:HAL_ADC_MspDeInit	16	static
../Core/Src/stm32h7xx_hal_msp.c:255:6:HAL_DFSDM_FilterMspInit	248	static
../Core/Src/stm32h7xx_hal_msp.c:387:6:HAL_DFSDM_ChannelMspInit	248	static
../Core/Src/stm32h7xx_hal_msp.c:449:6:HAL_DFSDM_FilterMspDeInit	16	static
../Core/Src/stm32h7xx_hal_msp.c:486:6:HAL_DFSDM_ChannelMspDeInit	16	static
../Core/Src/stm32h7xx_hal_msp.c:520:6:HAL_FDCAN_MspInit	240	static
../Core/Src/stm32h7xx_hal_msp.c:568:6:HAL_FDCAN_MspDeInit	16	static
../Core/Src/stm32h7xx_hal_msp.c:597:6:HAL_SPI_MspInit	256	static
../Core/Src/stm32h7xx_hal_msp.c:688:6:HAL_SPI_MspDeInit	16	static
../Core/Src/stm32h7xx_hal_msp.c:739:6:HAL_TIM_IC_MspInit	48	static
../Core/Src/stm32h7xx_hal_msp.c:775:6:HAL_TIM_IC_MspDeInit	16	static
../Core/Src/stm32h7xx_hal_msp.c:803:6:HAL_UART_MspInit	240	static
../Core/Src/stm32h7xx_hal_msp.c:850:6:HAL_UART_MspDeInit	16	static
