../Core/Src/stm32h7xx_hal_msp.c:72:6:HAL_MspInit	16	static
../Core/Src/stm32h7xx_hal_msp.c:112:6:HAL_ADC_MspInit	56	static
../Core/Src/stm32h7xx_hal_msp.c:213:6:HAL_ADC_MspDeInit	16	static
../Core/Src/stm32h7xx_hal_msp.c:271:6:HAL_DFSDM_FilterMspInit	248	static
../Core/Src/stm32h7xx_hal_msp.c:403:6:HAL_DFSDM_ChannelMspInit	248	static
../Core/Src/stm32h7xx_hal_msp.c:465:6:HAL_DFSDM_FilterMspDeInit	16	static
../Core/Src/stm32h7xx_hal_msp.c:502:6:HAL_DFSDM_ChannelMspDeInit	16	static
../Core/Src/stm32h7xx_hal_msp.c:536:6:HAL_FDCAN_MspInit	240	static
../Core/Src/stm32h7xx_hal_msp.c:589:6:HAL_FDCAN_MspDeInit	16	static
../Core/Src/stm32h7xx_hal_msp.c:621:6:HAL_SPI_MspInit	256	static
../Core/Src/stm32h7xx_hal_msp.c:712:6:HAL_SPI_MspDeInit	16	static
../Core/Src/stm32h7xx_hal_msp.c:763:6:HAL_TIM_IC_MspInit	48	static
../Core/Src/stm32h7xx_hal_msp.c:799:6:HAL_TIM_Base_MspInit	24	static
../Core/Src/stm32h7xx_hal_msp.c:825:6:HAL_TIM_IC_MspDeInit	16	static
../Core/Src/stm32h7xx_hal_msp.c:853:6:HAL_TIM_Base_MspDeInit	16	static
../Core/Src/stm32h7xx_hal_msp.c:878:6:HAL_UART_MspInit	240	static
../Core/Src/stm32h7xx_hal_msp.c:925:6:HAL_UART_MspDeInit	16	static
