../Core/Src/stm32h7xx_hal_msp.c:63:6:HAL_MspInit	16	static
../Core/Src/stm32h7xx_hal_msp.c:87:6:HAL_ADC_MspInit	56	static
../Core/Src/stm32h7xx_hal_msp.c:151:6:HAL_ADC_MspDeInit	16	static
../Core/Src/stm32h7xx_hal_msp.c:205:6:HAL_DFSDM_FilterMspInit	248	static
../Core/Src/stm32h7xx_hal_msp.c:267:6:HAL_DFSDM_ChannelMspInit	248	static
../Core/Src/stm32h7xx_hal_msp.c:329:6:HAL_DFSDM_FilterMspDeInit	16	static
../Core/Src/stm32h7xx_hal_msp.c:363:6:HAL_DFSDM_ChannelMspDeInit	16	static
../Core/Src/stm32h7xx_hal_msp.c:397:6:HAL_FDCAN_MspInit	240	static
../Core/Src/stm32h7xx_hal_msp.c:445:6:HAL_FDCAN_MspDeInit	16	static
../Core/Src/stm32h7xx_hal_msp.c:474:6:HAL_SPI_MspInit	256	static
../Core/Src/stm32h7xx_hal_msp.c:565:6:HAL_SPI_MspDeInit	16	static
../Core/Src/stm32h7xx_hal_msp.c:616:6:HAL_TIM_IC_MspInit	48	static
../Core/Src/stm32h7xx_hal_msp.c:652:6:HAL_TIM_IC_MspDeInit	16	static
../Core/Src/stm32h7xx_hal_msp.c:680:6:HAL_UART_MspInit	240	static
../Core/Src/stm32h7xx_hal_msp.c:727:6:HAL_UART_MspDeInit	16	static
