../Core/application/acu_lv_app_state_manager.c:44:6:acu_lv_app_state_machine_init	4	static
../Core/application/acu_lv_app_state_manager.c:50:6:acu_lv_app_state_machine_step	16	static
../Core/application/acu_lv_app_state_manager.c:103:27:handle_startup_state	8	static
../Core/application/acu_lv_app_state_manager.c:118:27:handle_idle_state	8	static
../Core/application/acu_lv_app_state_manager.c:144:27:handle_precharge_state	8	static
../Core/application/acu_lv_app_state_manager.c:165:27:handle_active_state	8	static
../Core/application/acu_lv_app_state_manager.c:189:27:handle_fault_state	4	static
../Core/application/acu_lv_app_state_manager.c:201:27:handle_charging_state	4	static
../Core/application/acu_lv_app_state_manager.c:214:27:handle_balencing_state	4	static
../Core/application/acu_lv_app_state_manager.c:227:13:state_entry	16	static
../Core/application/acu_lv_app_state_manager.c:258:13:state_exit	16	static
