../Core/driver/acu_lv/acu_lv_drv_adbms6830_regs.h:353:20:adbms_cfga_set_cth	16	static
../Core/driver/acu_lv/acu_lv_drv_adbms6830_regs.h:365:20:adbms_cfga_set_refon	16	static
../Core/driver/acu_lv/acu_lv_drv_adbms6830_regs.h:382:20:adbms_cfga_set_flagd	16	static
../Core/driver/acu_lv/acu_lv_drv_adbms6830_regs.h:392:20:adbms_cfga_set_soakon	16	static
../Core/driver/acu_lv/acu_lv_drv_adbms6830_regs.h:404:20:adbms_cfga_set_owrng	16	static
../Core/driver/acu_lv/acu_lv_drv_adbms6830_regs.h:416:20:adbms_cfga_set_owa_mode	24	static
../Core/driver/acu_lv/acu_lv_drv_adbms6830_regs.h:429:20:adbms_cfga_set_gpo	16	static
../Core/driver/acu_lv/acu_lv_drv_adbms6830_regs.h:506:20:adbms_cfga_set_fc	16	static
../Core/driver/acu_lv/acu_lv_drv_adbms6830_regs.h:539:20:adbms_cfga_set_defaults	24	static
../Core/driver/acu_lv/acu_lv_drv_adbms6830.c:71:26:adbms_spi_send_cmd	24	static
../Core/driver/acu_lv/acu_lv_drv_adbms6830.c:96:26:adbms_spi_read	208	static
../Core/driver/acu_lv/acu_lv_drv_adbms6830.c:130:26:adbms_spi_write	40	static
../Core/driver/acu_lv/acu_lv_drv_adbms6830.c:162:17:adbms6830_pec15_calc	24	static
../Core/driver/acu_lv/acu_lv_drv_adbms6830.c:208:17:adbms6830_pec10_calc	24	static
../Core/driver/acu_lv/acu_lv_drv_adbms6830.c:262:5:adbms6830_init	8	static
../Core/driver/acu_lv/acu_lv_drv_adbms6830.c:284:6:adbms6830_wakeup_pulse	8	static,ignoring_inline_asm
../Core/driver/acu_lv/acu_lv_drv_adbms6830.c:294:5:adbms6830_wakeup	16	static
../Core/driver/acu_lv/acu_lv_drv_adbms6830.c:315:6:adbms6830_shadow_init	16	static
../Core/driver/acu_lv/acu_lv_drv_adbms6830.c:332:6:adbms6830_shadow_set_cfga	16	static
../Core/driver/acu_lv/acu_lv_drv_adbms6830.c:342:16:adbms6830_shadow_get_cfga	16	static
../Core/driver/acu_lv/acu_lv_drv_adbms6830.c:351:5:adbms6830_write_cfga	40	static
../Core/driver/acu_lv/acu_lv_drv_adbms6830.c:386:5:adbms6830_read_cfga	40	static
../Core/driver/acu_lv/acu_lv_drv_adbms6830.c:445:12:adbms6830_send_command	24	static
../Core/driver/acu_lv/acu_lv_drv_adbms6830.c:466:12:adbms6830_read_register_group	120	static
../Core/driver/acu_lv/acu_lv_drv_adbms6830.c:510:5:adbms6830_start_cell_adc	24	static
../Core/driver/acu_lv/acu_lv_drv_adbms6830.c:523:5:adbms6830_read_cell_voltages_raw	88	static
../Core/driver/acu_lv/acu_lv_drv_adbms6830.c:570:5:adbms6830_start_gpio_adc	16	static
../Core/driver/acu_lv/acu_lv_drv_adbms6830.c:577:5:adbms6830_read_gpio_voltages_raw	104	static
