../Core/driver/acu_lv/acu_lv_drv_adbms6830_regs.h:353:20:adbms_cfga_set_cth	16	static
../Core/driver/acu_lv/acu_lv_drv_adbms6830_regs.h:365:20:adbms_cfga_set_refon	16	static
../Core/driver/acu_lv/acu_lv_drv_adbms6830_regs.h:382:20:adbms_cfga_set_flagd	16	static
../Core/driver/acu_lv/acu_lv_drv_adbms6830_regs.h:392:20:adbms_cfga_set_soakon	16	static
../Core/driver/acu_lv/acu_lv_drv_adbms6830_regs.h:404:20:adbms_cfga_set_owrng	16	static
../Core/driver/acu_lv/acu_lv_drv_adbms6830_regs.h:416:20:adbms_cfga_set_owa_mode	24	static
../Core/driver/acu_lv/acu_lv_drv_adbms6830_regs.h:429:20:adbms_cfga_set_gpo	16	static
../Core/driver/acu_lv/acu_lv_drv_adbms6830_regs.h:508:20:adbms_cfga_set_fc	16	static
../Core/driver/acu_lv/acu_lv_drv_adbms6830_regs.h:541:20:adbms_cfga_set_defaults	24	static
../Core/driver/acu_lv/acu_lv_drv_adbms6830.c:71:26:adbms_spi_send_cmd	24	static
../Core/driver/acu_lv/acu_lv_drv_adbms6830.c:96:26:adbms_spi_read	64	static
../Core/driver/acu_lv/acu_lv_drv_adbms6830.c:130:26:adbms_spi_write	40	static
../Core/driver/acu_lv/acu_lv_drv_adbms6830.c:157:17:adbms6830_pec15_calc	24	static
../Core/driver/acu_lv/acu_lv_drv_adbms6830.c:190:17:adbms6830_pec10_calc	24	static
../Core/driver/acu_lv/acu_lv_drv_adbms6830.c:219:5:adbms6830_init	8	static
../Core/driver/acu_lv/acu_lv_drv_adbms6830.c:241:6:adbms6830_wakeup_pulse	8	static,ignoring_inline_asm
../Core/driver/acu_lv/acu_lv_drv_adbms6830.c:251:5:adbms6830_wakeup	16	static
../Core/driver/acu_lv/acu_lv_drv_adbms6830.c:272:6:adbms6830_shadow_init	16	static
../Core/driver/acu_lv/acu_lv_drv_adbms6830.c:289:6:adbms6830_shadow_set_cfga	16	static
../Core/driver/acu_lv/acu_lv_drv_adbms6830.c:299:16:adbms6830_shadow_get_cfga	16	static
../Core/driver/acu_lv/acu_lv_drv_adbms6830.c:308:5:adbms6830_write_cfga	40	static
../Core/driver/acu_lv/acu_lv_drv_adbms6830.c:343:5:adbms6830_read_cfga	48	static
../Core/driver/acu_lv/acu_lv_drv_adbms6830.c:409:12:adbms6830_send_command	24	static
../Core/driver/acu_lv/acu_lv_drv_adbms6830.c:430:12:adbms6830_read_register_group	56	static
../Core/driver/acu_lv/acu_lv_drv_adbms6830.c:479:5:adbms6830_start_cell_adc	24	static
../Core/driver/acu_lv/acu_lv_drv_adbms6830.c:492:5:adbms6830_read_cell_voltages_raw	40	static
../Core/driver/acu_lv/acu_lv_drv_adbms6830.c:539:5:adbms6830_start_gpio_adc	16	static
../Core/driver/acu_lv/acu_lv_drv_adbms6830.c:546:5:adbms6830_read_gpio_voltages_raw	40	static
