../Core/driver/acu_lv/acu_lv_drv_sdc.c:13:6:acu_lv_drv_sdc_init	8	static
../Core/driver/acu_lv/acu_lv_drv_sdc.c:21:6:acu_lv_drv_set_imd_latch	8	static
../Core/driver/acu_lv/acu_lv_drv_sdc.c:26:6:acu_lv_drv_reset_imd_latch	8	static
../Core/driver/acu_lv/acu_lv_drv_sdc.c:32:6:acu_lv_drv_set_ams_latch	8	static
../Core/driver/acu_lv/acu_lv_drv_sdc.c:37:6:acu_lv_drv_reset_ams_latch	8	static
../Core/driver/acu_lv/acu_lv_drv_sdc.c:43:6:acu_lv_drv_set_ams_ok	8	static
../Core/driver/acu_lv/acu_lv_drv_sdc.c:48:6:acu_lv_drv_reset_ams_ok	8	static
