../Core/driver/acu_lv/aculv_drv_ds18b20.c:44:6:aculv_drv_ds18b20_init	8	static
../Core/driver/acu_lv/aculv_drv_ds18b20.c:70:10:USART_ReceiveData	16	static
../Core/driver/acu_lv/aculv_drv_ds18b20.c:79:6:USART_SendData	16	static
../Core/driver/acu_lv/aculv_drv_ds18b20.c:92:6:usart_setup	16	static,ignoring_inline_asm
../Core/driver/acu_lv/aculv_drv_ds18b20.c:116:6:owInit	32	static
../Core/driver/acu_lv/aculv_drv_ds18b20.c:131:6:owReadHandler	24	static
../Core/driver/acu_lv/aculv_drv_ds18b20.c:155:12:owResetCmd	16	static
../Core/driver/acu_lv/aculv_drv_ds18b20.c:167:9:getUsartIndex	4	static
../Core/driver/acu_lv/aculv_drv_ds18b20.c:175:6:owSend	16	static
../Core/driver/acu_lv/aculv_drv_ds18b20.c:181:9:owReadSlot	16	static
../Core/driver/acu_lv/aculv_drv_ds18b20.c:185:10:owEchoRead	16	static
../Core/driver/acu_lv/aculv_drv_ds18b20.c:192:10:byteToBits	24	static
../Core/driver/acu_lv/aculv_drv_ds18b20.c:211:6:owSendByte	32	static
../Core/driver/acu_lv/aculv_drv_ds18b20.c:221:9:bitsToByte	24	static
../Core/driver/acu_lv/aculv_drv_ds18b20.c:235:9:owCRC	24	static
../Core/driver/acu_lv/aculv_drv_ds18b20.c:253:9:owCRC8	16	static
../Core/driver/acu_lv/aculv_drv_ds18b20.c:264:5:hasNextRom	40	static
../Core/driver/acu_lv/aculv_drv_ds18b20.c:312:5:owSearchCmd	24	static
../Core/driver/acu_lv/aculv_drv_ds18b20.c:324:6:owSkipRomCmd	16	static
../Core/driver/acu_lv/aculv_drv_ds18b20.c:329:6:owMatchRomCmd	24	static
../Core/driver/acu_lv/aculv_drv_ds18b20.c:337:6:owConvertTemperatureCmd	16	static
../Core/driver/acu_lv/aculv_drv_ds18b20.c:351:10:owReadScratchpadCmd	32	static
../Core/driver/acu_lv/aculv_drv_ds18b20.c:378:6:owWriteDS18B20Scratchpad	24	static
../Core/driver/acu_lv/aculv_drv_ds18b20.c:397:13:readTemperature	56	static
../Core/driver/acu_lv/aculv_drv_ds18b20.c:426:6:owCopyScratchpadCmd	16	static
../Core/driver/acu_lv/aculv_drv_ds18b20.c:431:6:owRecallE2Cmd	16	static
../Core/driver/acu_lv/aculv_drv_ds18b20.c:437:5:get_ROMid	8	static
../Core/driver/acu_lv/aculv_drv_ds18b20.c:473:6:get_Temperature	16	static
