../Core/shared/data/accumulator/acu_data.c:14:10:acu_data_init	8	static
../Core/shared/data/accumulator/acu_data.c:60:10:acu_data_set_aculv	24	static
../Core/shared/data/accumulator/acu_data.c:71:6:acu_data_set_aculv_battery_current	16	static
../Core/shared/data/accumulator/acu_data.c:76:6:acu_data_set_aculv_battery_power	16	static
../Core/shared/data/accumulator/acu_data.c:81:6:acu_data_set_aculv_battery_voltage	16	static
../Core/shared/data/accumulator/acu_data.c:86:6:acu_data_set_aculv_ts_active	16	static
../Core/shared/data/accumulator/acu_data.c:91:6:acu_data_set_aculv_ts_voltage	16	static
../Core/shared/data/accumulator/acu_data.c:96:7:acu_data_get_aculv_battery_voltage	4	static
../Core/shared/data/accumulator/acu_data.c:101:7:acu_data_get_aculv_battery_current	4	static
../Core/shared/data/accumulator/acu_data.c:106:7:acu_data_get_aculv_battery_power	4	static
../Core/shared/data/accumulator/acu_data.c:111:7:acu_data_get_aculv_ts_voltage	4	static
../Core/shared/data/accumulator/acu_data.c:116:6:acu_data_get_aculv_ts_active	4	static
../Core/shared/data/accumulator/acu_data.c:124:10:acu_data_set_fault_status	16	static
../Core/shared/data/accumulator/acu_data.c:136:10:acu_data_get_fault_status	16	static
../Core/shared/data/accumulator/acu_data.c:142:6:acu_data_set_bms_fault_status	16	static
../Core/shared/data/accumulator/acu_data.c:147:6:acu_data_set_imd_fault_status	16	static
../Core/shared/data/accumulator/acu_data.c:152:6:acu_data_get_bms_fault_active	4	static
../Core/shared/data/accumulator/acu_data.c:157:6:acu_data_get_imd_fault_active	4	static
