../Core/driver/acu_lv/acu_lv_drv_adbms6830.h:172:21:adbms6830_adc_to_volts	16	static
../Core/service/bms/bms_svc_thermistor.c:23:14:calculate_thermistor_temperature	24	static
../Core/service/bms/bms_svc_thermistor.c:41:6:bms_svc_admbs_toggle_mux	24	static
../Core/service/bms/bms_svc_thermistor.c:55:6:bms_svc_acquire_thermistor_temps	48	static
../Core/service/bms/bms_svc_thermistor.c:104:6:bms_svc_check_temps	8	static
../Core/service/bms/bms_svc_thermistor.c:113:14:get_highest_temp	4	static
../Core/service/bms/bms_svc_thermistor.c:118:14:get_lowest_temp	4	static
